Traceback (most recent call last):
  File "/capstor/scratch/cscs/lhulsbergen/bachelorThesisArtifacts-extracted/extractedMatrix/followup/nrt_probe.py", line 50, in <module>
    main()
  File "/capstor/scratch/cscs/lhulsbergen/bachelorThesisArtifacts-extracted/extractedMatrix/followup/nrt_probe.py", line 34, in main
    fn(*args)                                   # compile
    ^^^^^^^^^
  File "/capstor/scratch/cscs/lhulsbergen/HPCAgent-Bench-ext2/hpcagent_bench/benchmarks/scientific_computing/n_body_methods/esirkepov_deposition/warpx_esirkepov_deposition_numba_np.py", line 498, in warpx_esirkepov_deposition
    deposit_chunks(
  File "/capstor/scratch/cscs/lhulsbergen/venv_llr40v2/lib/python3.12/site-packages/numba/core/dispatcher.py", line 441, in _compile_for_args
    raise e
  File "/capstor/scratch/cscs/lhulsbergen/venv_llr40v2/lib/python3.12/site-packages/numba/core/dispatcher.py", line 374, in _compile_for_args
    return_val = self.compile(tuple(argtypes))
                 ^^^^^^^^^^^^^^^^^^^^^^^^^^^^^
  File "/capstor/scratch/cscs/lhulsbergen/venv_llr40v2/lib/python3.12/site-packages/numba/core/dispatcher.py", line 887, in compile
    cres = self._cache.load_overload(sig, self.targetctx)
           ^^^^^^^^^^^^^^^^^^^^^^^^^^^^^^^^^^^^^^^^^^^^^^
  File "/capstor/scratch/cscs/lhulsbergen/venv_llr40v2/lib/python3.12/site-packages/numba/core/caching.py", line 721, in load_overload
    return self._load_overload(sig, target_context)
           ^^^^^^^^^^^^^^^^^^^^^^^^^^^^^^^^^^^^^^^^
  File "/capstor/scratch/cscs/lhulsbergen/venv_llr40v2/lib/python3.12/site-packages/numba/core/caching.py", line 728, in _load_overload
    data = self._cache_file.load(key)
           ^^^^^^^^^^^^^^^^^^^^^^^^^^
  File "/capstor/scratch/cscs/lhulsbergen/venv_llr40v2/lib/python3.12/site-packages/numba/core/caching.py", line 576, in load
    return self._load_data(data_name)
           ^^^^^^^^^^^^^^^^^^^^^^^^^^
  File "/capstor/scratch/cscs/lhulsbergen/venv_llr40v2/lib/python3.12/site-packages/numba/core/caching.py", line 618, in _load_data
    tup = pickle.loads(data)
          ^^^^^^^^^^^^^^^^^^
  File "/capstor/scratch/cscs/lhulsbergen/venv_llr40v2/lib/python3.12/site-packages/numba/core/environment.py", line 51, in _rebuild_env
    mod = importlib.import_module(modname)
          ^^^^^^^^^^^^^^^^^^^^^^^^^^^^^^^^
  File "/capstor/scratch/cscs/lhulsbergen/uvpython/cpython-3.12.13-linux-aarch64-gnu/lib/python3.12/importlib/__init__.py", line 90, in import_module
    return _bootstrap._gcd_import(name[level:], package, level)
           ^^^^^^^^^^^^^^^^^^^^^^^^^^^^^^^^^^^^^^^^^^^^^^^^^^^^
  File "<frozen importlib._bootstrap>", line 1387, in _gcd_import
  File "<frozen importlib._bootstrap>", line 1360, in _find_and_load
  File "<frozen importlib._bootstrap>", line 1324, in _find_and_load_unlocked
ModuleNotFoundError: No module named '<dynamic>'
[ perf record: Woken up 3 times to write data ]
[ perf record: Captured and wrote 0.554 MB scratch/probe/numba.data (17419 samples) ]
srun: error: nid006550: task 0: Exited with exit code 1
srun: Terminating StepId=4998217.0
NRT_incref 0x4000162b0050
NRT_decref 0x4000162b0060
nrt_atomic_add 0x4000162b0000
nrt_atomic_sub 0x4000162b0010
NRT_MemInfo_call_dtor 0x0
[ perf record: Woken up 29 times to write data ]
[ perf record: Captured and wrote 7.201 MB scratch/probe/nbnort.data (235132 samples) ]
