unit tri3 kernel=triangle_count bench=/capstor/scratch/cscs/lhulsbergen/HPCAgent-Bench-ext node=nid006562 start=2026-10-07T15:38:54+02:00 gfortran=/users/lhulsbergen/bin/gfortran bin14=/usr/bin/gfortran-14
PROBE nid006562 1 1
SRUN[tri3]: srun --nodes=1 --ntasks=1 -w nid006562 --exclusive --cpu-bind=cores --hint=nomultithread --time=28 env LLR40_BENCH=/capstor/scratch/cscs/lhulsbergen/HPCAgent-Bench-ext /capstor/scratch/cscs/lhulsbergen/venv_llr40v2/bin/python sweep_gap.py --kernel triangle_count --cells c cpp cpp14=cpp:bin=bin_gxx14 --rounds 3 --perf --record-reps 30 --out parts/tri3.csv --scratch scratch/tri3 --db-shard 203
pristine triangle_count_fp64.c 47caf48afda29ebe
pristine triangle_count_fp64.cpp 6ac7a5055aa82f05
pristine triangle_count_fp64.f90 3ebecf2937af020b
pristine triangle_count_fp32.c 73e60f8fd10acab6
pristine triangle_count_fp32.cpp cba340f11f3523b8
pristine triangle_count_fp32.f90 94369ab1f5d52ebc
pristine triangle_count_numba_np.py bb32988217abc626
cell c: c src=- src32=- bin=- env=- -> ('/usr/bin/gcc-14', 'gcc-14 (SUSE Linux) 14.2.0')
cell cpp: cpp src=- src32=- bin=- env=- -> ('/users/lhulsbergen/bin/g++', 'g++ (SUSE Linux) 13.3.1 20250313 [revision 4ef1d8c84faeebffeb0cc01ee22e891b41e5c4e0]')
cell cpp14: cpp src=- src32=- bin=bin_gxx14 env=- -> ('/capstor/scratch/cscs/lhulsbergen/bachelorThesisArtifacts-extracted/extractedMatrix/followup/bin_gxx14/g++', 'g++ (SUSE Linux) 14.2.0')
  [1] c                ok           min 46.776 ms 
  [1] cpp              ok           min 48.472 ms 
  [1] cpp14            ok           min 46.669 ms 
  [2] cpp14            ok           min 46.643 ms 
  [2] cpp              ok           min 48.350 ms 
  [2] c                ok           min 46.781 ms 
  [3] c                ok           min 46.782 ms 
  [3] cpp              ok           min 48.390 ms 
  [3] cpp14            ok           min 46.637 ms 
  [record] c                ok           min 47.493 ms 
  [record] cpp              ok           min 49.195 ms 
  [record] cpp14            ok           min 47.349 ms 
wrote 12 rows -> /capstor/scratch/cscs/lhulsbergen/bachelorThesisArtifacts-extracted/extractedMatrix/followup/parts/tri3.csv
unit tri3 node=nid006562 end=2026-10-07T15:40:41+02:00
