unit esirkV kernel=warpx_esirkepov_deposition bench=/capstor/scratch/cscs/lhulsbergen/HPCAgent-Bench-ext node=nid006558 start=2026-10-09T10:20:03+02:00 gfortran=/users/lhulsbergen/bin/gfortran bin14=/usr/bin/gfortran-14
PROBE nid006558 1 1
SRUN[esirkV]: srun --nodes=1 --ntasks=1 -w nid006558 --exclusive --cpu-bind=cores --hint=nomultithread --time=28 env LLR40_BENCH=/capstor/scratch/cscs/lhulsbergen/HPCAgent-Bench-ext /capstor/scratch/cscs/lhulsbergen/venv_llr40v2/bin/python sweep_gap.py --kernel warpx_esirkepov_deposition --cells c cvla=c:src=variants/warpx_esirkepov_deposition_cvla.c fortran fortnp=fortran:bin=bin_noparens --rounds 3 --perf --record-reps 300 --out parts/esirkV.csv --scratch scratch/esirkV --db-shard 204
pristine warpx_esirkepov_deposition_fp64.c c5f15acdea3e5f52
pristine warpx_esirkepov_deposition_fp64.cpp e1fa1f19a7e16349
pristine warpx_esirkepov_deposition_fp64.f90 20108e3825dcaab3
pristine warpx_esirkepov_deposition_fp32.c 1dd6909fa3e58d56
pristine warpx_esirkepov_deposition_fp32.cpp 59e55ff7024d69e4
pristine warpx_esirkepov_deposition_fp32.f90 bfdc4dc64d9c4186
pristine warpx_esirkepov_deposition_numba_np.py 7c2b893cfb1e7b7b
cell c: c src=- src32=- bin=- env=- -> ('/usr/bin/gcc-14', 'gcc-14 (SUSE Linux) 14.2.0')
cell cvla: c src=variants/warpx_esirkepov_deposition_cvla.c src32=- bin=- env=- -> ('/usr/bin/gcc-14', 'gcc-14 (SUSE Linux) 14.2.0')
cell fortran: fortran src=- src32=- bin=- env=- -> ('/users/lhulsbergen/bin/gfortran', 'GNU Fortran (SUSE Linux) 13.3.1 20250313 [revision 4ef1d8c84faeebffeb0cc01ee22e891b41e5c4e0]')
cell fortnp: fortran src=- src32=- bin=bin_noparens env=- -> ('/capstor/scratch/cscs/lhulsbergen/bachelorThesisArtifacts-extracted/extractedMatrix/followup/bin_noparens/gfortran', 'GNU Fortran (SUSE Linux) 13.3.1 20250313 [revision 4ef1d8c84faeebffeb0cc01ee22e891b41e5c4e0]')
  [1] c                ok           min 2.837 ms 
  [1] cvla             ok           min 2.791 ms 
  [1] fortran          ok           min 2.982 ms 
  [1] fortnp           ok           min 2.848 ms 
  [2] fortnp           ok           min 2.858 ms 
  [2] fortran          ok           min 2.966 ms 
  [2] cvla             ok           min 2.812 ms 
  [2] c                ok           min 2.841 ms 
  [3] c                ok           min 2.692 ms 
  [3] cvla             ok           min 2.663 ms 
  [3] fortran          ok           min 2.965 ms 
  [3] fortnp           ok           min 2.857 ms 
  [record] c                ok           min 3.047 ms 
  [record] cvla             ok           min 3.034 ms 
  [record] fortran          ok           min 3.247 ms 
  [record] fortnp           ok           min 3.169 ms 
wrote 16 rows -> /capstor/scratch/cscs/lhulsbergen/bachelorThesisArtifacts-extracted/extractedMatrix/followup/parts/esirkV.csv
unit esirkV node=nid006558 end=2026-10-09T10:28:15+02:00
