unit nfaU kernel=nfa_frontier bench=/capstor/scratch/cscs/lhulsbergen/HPCAgent-Bench-ext2 node=nid006565 start=2026-10-09T10:33:22+02:00 gfortran=/users/lhulsbergen/bin/gfortran bin14=/usr/bin/gfortran-14
PROBE nid006565 1 1
SRUN[nfaU]: srun --nodes=1 --ntasks=1 -w nid006565 --exclusive --cpu-bind=cores --hint=nomultithread --time=28 env LLR40_BENCH=/capstor/scratch/cscs/lhulsbergen/HPCAgent-Bench-ext2 /capstor/scratch/cscs/lhulsbergen/venv_llr40v2/bin/python sweep_gap.py --kernel nfa_frontier --cells c numba nbuidx=numba:src=variants/nfa_frontier_nbuidx.py --rounds 3 --perf --record-reps 2 --out parts/nfaU.csv --scratch scratch/nfaU --db-shard 208 --rounds 2 --reps 10
pristine nfa_frontier_fp64.c 9db4f21f9cf8c582
pristine nfa_frontier_fp64.cpp 17cd88d5b7513061
pristine nfa_frontier_fp64.f90 fe13cbc82371af61
pristine nfa_frontier_fp32.c 239c5498713c073a
pristine nfa_frontier_fp32.cpp fea04f884f6fd77e
pristine nfa_frontier_fp32.f90 a2c6cd1174ab01a1
pristine nfa_frontier_numba_np.py 718f36714143eb09
cell c: c src=- src32=- bin=- env=- -> ('/usr/bin/gcc-14', 'gcc-14 (SUSE Linux) 14.2.0')
cell numba: numba src=- src32=- bin=- env=- -> ('numba', 'numba 0.67.0')
cell nbuidx: numba src=variants/nfa_frontier_nbuidx.py src32=- bin=- env=- -> ('numba', 'numba 0.67.0')
  [1] c                ok           min 9689.789 ms 
  [1] numba            ok           min 10346.131 ms 
  [1] nbuidx           ok           min 7995.518 ms 
  [2] nbuidx           ok           min 8066.441 ms 
  [2] numba            ok           min 10348.166 ms 
  [2] c                ok           min 9751.462 ms 
  [record] c                ok           min 9869.647 ms 
  [record] numba            ok           min 10527.351 ms 
  [record] nbuidx           ok           min 8154.713 ms 
wrote 9 rows -> /capstor/scratch/cscs/lhulsbergen/bachelorThesisArtifacts-extracted/extractedMatrix/followup/parts/nfaU.csv
SRUN[nfaU]: srun --nodes=1 --ntasks=1 -w nid006565 --exclusive --cpu-bind=cores --hint=nomultithread --time=28 env LLR40_BENCH=/capstor/scratch/cscs/lhulsbergen/HPCAgent-Bench-ext2 numactl --cpunodebind=0 --membind=0 /capstor/scratch/cscs/lhulsbergen/venv_llr40v2/bin/python ../opt_reports_extracted.py --index parts/optrep.nfaU.csv --out-dir opt_reports/nbuidx nfa_frontier:numba_hand:python:variants/nfa_frontier_nbuidx.py
nfa_frontier                 numba_hand   ok
unit nfaU node=nid006565 end=2026-10-09T10:56:36+02:00
