unit s3110h kernel=tsvc_2_s3110 bench=/capstor/scratch/cscs/lhulsbergen/HPCAgent-Bench-ext node=nid006564 start=2026-10-09T10:33:22+02:00 gfortran=/users/lhulsbergen/bin/gfortran bin14=/usr/bin/gfortran-14
PROBE nid006564 1 1
SRUN[s3110h]: srun --nodes=1 --ntasks=1 -w nid006564 --exclusive --cpu-bind=cores --hint=nomultithread --time=28 env LLR40_BENCH=/capstor/scratch/cscs/lhulsbergen/HPCAgent-Bench-ext /capstor/scratch/cscs/lhulsbergen/venv_llr40v2/bin/python sweep_gap.py --kernel tsvc_2_s3110 --cells c csel=c:src=variants/tsvc_2_s3110_csel.c cselhalf=c:src=variants/tsvc_2_s3110_cselhalf.c numba --rounds 3 --perf --record-reps 10 --out parts/s3110h.csv --scratch scratch/s3110h --db-shard 207
pristine tsvc_2_s3110_fp64.c 13cdddec8a503656
pristine tsvc_2_s3110_fp64.cpp 95fdb406dab63a16
pristine tsvc_2_s3110_fp64.f90 2826f2bbc16e65f0
pristine tsvc_2_s3110_fp32.c 97dde7ce19f197cf
pristine tsvc_2_s3110_fp32.cpp e286c6c1e86bfc5a
pristine tsvc_2_s3110_fp32.f90 b7798776d0db7b82
pristine tsvc_2_s3110_numba_np.py a300e6f62ef4bd81
cell c: c src=- src32=- bin=- env=- -> ('/usr/bin/gcc-14', 'gcc-14 (SUSE Linux) 14.2.0')
cell csel: c src=variants/tsvc_2_s3110_csel.c src32=- bin=- env=- -> ('/usr/bin/gcc-14', 'gcc-14 (SUSE Linux) 14.2.0')
cell cselhalf: c src=variants/tsvc_2_s3110_cselhalf.c src32=- bin=- env=- -> ('/usr/bin/gcc-14', 'gcc-14 (SUSE Linux) 14.2.0')
cell numba: numba src=- src32=- bin=- env=- -> ('numba', 'numba 0.67.0')
  [1] c                ok           min 119.195 ms 
  [1] csel             ok           min 417.133 ms 
  [1] cselhalf         ok           min 301.577 ms 
  [1] numba            ok           min 314.155 ms 
  [2] numba            ok           min 314.035 ms 
  [2] cselhalf         ok           min 301.777 ms 
  [2] csel             ok           min 417.100 ms 
  [2] c                ok           min 119.777 ms 
  [3] c                ok           min 119.289 ms 
  [3] csel             ok           min 417.036 ms 
  [3] cselhalf         ok           min 301.835 ms 
  [3] numba            ok           min 313.924 ms 
  [record] c                ok           min 124.199 ms 
  [record] csel             ok           min 425.415 ms 
  [record] cselhalf         ok           min 308.485 ms 
  [record] numba            ok           min 326.637 ms 
wrote 16 rows -> /capstor/scratch/cscs/lhulsbergen/bachelorThesisArtifacts-extracted/extractedMatrix/followup/parts/s3110h.csv
unit s3110h node=nid006564 end=2026-10-09T10:39:28+02:00
