unit argmr kernel=argmax_with_index bench=/capstor/scratch/cscs/lhulsbergen/HPCAgent-Bench-ext node=nid006549 start=2026-10-07T16:07:46+02:00 gfortran=/users/lhulsbergen/bin/gfortran bin14=/usr/bin/gfortran-14
PROBE nid006549 1 1
SRUN[argmr]: srun --nodes=1 --ntasks=1 -w nid006549 --exclusive --cpu-bind=cores --hint=nomultithread --time=28 env LLR40_BENCH=/capstor/scratch/cscs/lhulsbergen/HPCAgent-Bench-ext /capstor/scratch/cscs/lhulsbergen/venv_llr40v2/bin/python sweep_gap.py --kernel argmax_with_index --cells c csel=c:src=variants/argmax_with_index_csel.c numba --rounds 3 --perf --record-reps 10 --out parts/argmr.csv --scratch scratch/argmr --db-shard 202
pristine argmax_with_index_fp64.c 6062ff45a669bb05
pristine argmax_with_index_fp64.cpp 8ab01a3f24b94651
pristine argmax_with_index_fp64.f90 42fd8cf2ca198c8d
pristine argmax_with_index_fp32.c 34ee97f6060864a6
pristine argmax_with_index_fp32.cpp d75a355ccbc972c7
pristine argmax_with_index_fp32.f90 3579ad6286428d0e
pristine argmax_with_index_numba_np.py c7769a06872cc58f
cell c: c src=- src32=- bin=- env=- -> ('/usr/bin/gcc-14', 'gcc-14 (SUSE Linux) 14.2.0')
cell csel: c src=variants/argmax_with_index_csel.c src32=- bin=- env=- -> ('/usr/bin/gcc-14', 'gcc-14 (SUSE Linux) 14.2.0')
cell numba: numba src=- src32=- bin=- env=- -> ('numba', 'numba 0.67.0')
  [1] c                ok           min 71.770 ms 
  [1] csel             ok           min 248.301 ms 
  [1] numba            ok           min 179.588 ms 
  [2] numba            ok           min 179.521 ms 
  [2] csel             ok           min 248.299 ms 
  [2] c                ok           min 71.611 ms 
  [3] c                ok           min 71.914 ms 
  [3] csel             ok           min 248.293 ms 
  [3] numba            ok           min 179.522 ms 
  [record] c                ok           min 73.779 ms 
  [record] csel             ok           min 253.360 ms 
  [record] numba            ok           min 183.859 ms 
wrote 12 rows -> /capstor/scratch/cscs/lhulsbergen/bachelorThesisArtifacts-extracted/extractedMatrix/followup/parts/argmr.csv
unit argmr node=nid006549 end=2026-10-07T16:11:10+02:00
