unit qtx kernel=quatrex_rgf bench=/capstor/scratch/cscs/lhulsbergen/HPCAgent-Bench-ext node=nid006557 start=2026-10-07T15:38:54+02:00 gfortran=/users/lhulsbergen/bin/gfortran bin14=/usr/bin/gfortran-14
PROBE nid006557 1 1
SRUN[qtx]: srun --nodes=1 --ntasks=1 -w nid006557 --exclusive --cpu-bind=cores --hint=nomultithread --time=28 env LLR40_BENCH=/capstor/scratch/cscs/lhulsbergen/HPCAgent-Bench-ext /capstor/scratch/cscs/lhulsbergen/venv_llr40v2/bin/python sweep_gap.py --kernel quatrex_rgf --cells c ccx=c:bin=bin_cx cpp cppcx=cpp:bin=bin_cx fortran --rounds 3 --perf --record-reps 60 --out parts/qtx.csv --scratch scratch/qtx --db-shard 201
pristine quatrex_rgf_fp64.c 900ad4172759a18b
pristine quatrex_rgf_fp64.cpp efdcfe76626bae86
pristine quatrex_rgf_fp64.f90 ed898b4a3a00473a
pristine quatrex_rgf_fp32.c 1069841ecd7e30b1
pristine quatrex_rgf_fp32.cpp 4c6f47dfa85b5704
pristine quatrex_rgf_fp32.f90 dd084ac3f570ca7f
pristine quatrex_rgf_numba_np.py c01c08aff44402c6
cell c: c src=- src32=- bin=- env=- -> ('/usr/bin/gcc-14', 'gcc-14 (SUSE Linux) 14.2.0')
cell ccx: c src=- src32=- bin=bin_cx env=- -> ('/capstor/scratch/cscs/lhulsbergen/bachelorThesisArtifacts-extracted/extractedMatrix/followup/bin_cx/gcc', 'gcc-14 (SUSE Linux) 14.2.0')
cell cpp: cpp src=- src32=- bin=- env=- -> ('/users/lhulsbergen/bin/g++', 'g++ (SUSE Linux) 13.3.1 20250313 [revision 4ef1d8c84faeebffeb0cc01ee22e891b41e5c4e0]')
cell cppcx: cpp src=- src32=- bin=bin_cx env=- -> ('/capstor/scratch/cscs/lhulsbergen/bachelorThesisArtifacts-extracted/extractedMatrix/followup/bin_cx/g++', 'g++-13 (SUSE Linux) 13.3.1 20250313 [revision 4ef1d8c84faeebffeb0cc01ee22e891b41e5c4e0]')
cell fortran: fortran src=- src32=- bin=- env=- -> ('/users/lhulsbergen/bin/gfortran', 'GNU Fortran (SUSE Linux) 13.3.1 20250313 [revision 4ef1d8c84faeebffeb0cc01ee22e891b41e5c4e0]')
  [1] c                ok           min 7.166 ms 
  [1] ccx              ok           min 6.064 ms 
  [1] cpp              ok           min 7.177 ms 
  [1] cppcx            ok           min 6.020 ms 
  [1] fortran          ok           min 6.283 ms 
  [2] fortran          ok           min 6.279 ms 
  [2] cppcx            ok           min 6.021 ms 
  [2] cpp              ok           min 7.184 ms 
  [2] ccx              ok           min 6.063 ms 
  [2] c                ok           min 7.159 ms 
  [3] c                ok           min 7.189 ms 
  [3] ccx              ok           min 6.067 ms 
  [3] cpp              ok           min 7.181 ms 
  [3] cppcx            ok           min 6.004 ms 
  [3] fortran          ok           min 6.280 ms 
  [record] c                ok           min 7.320 ms 
  [record] ccx              ok           min 6.172 ms 
  [record] cpp              ok           min 7.310 ms 
  [record] cppcx            ok           min 6.122 ms 
  [record] fortran          ok           min 6.406 ms 
wrote 20 rows -> /capstor/scratch/cscs/lhulsbergen/bachelorThesisArtifacts-extracted/extractedMatrix/followup/parts/qtx.csv
unit qtx node=nid006557 end=2026-10-07T15:43:00+02:00
