unit i235 kernel=tsvc_2_s235 bench=/capstor/scratch/cscs/lhulsbergen/HPCAgent-Bench-ext node=nid006556 start=2026-10-09T10:33:22+02:00 gfortran=/users/lhulsbergen/bin/gfortran bin14=/usr/bin/gfortran-14
PROBE nid006556 1 1
SRUN[i235]: srun --nodes=1 --ntasks=1 -w nid006556 --exclusive --cpu-bind=cores --hint=nomultithread --time=28 env LLR40_BENCH=/capstor/scratch/cscs/lhulsbergen/HPCAgent-Bench-ext /capstor/scratch/cscs/lhulsbergen/venv_llr40v2/bin/python sweep_gap.py --kernel tsvc_2_s235 --cells c cinter=c:src=variants/tsvc_2_s235_cinter.c agent=fortran:src=variants/tsvc_2_s235_agent.f90 --rounds 3 --perf --record-reps 10 --out parts/i235.csv --scratch scratch/i235 --db-shard 202
pristine tsvc_2_s235_fp64.c 49083f6e5f0a5b51
pristine tsvc_2_s235_fp64.cpp c5aa5999125195dc
pristine tsvc_2_s235_fp64.f90 40aa4b9b6667b4a7
pristine tsvc_2_s235_fp32.c f3119b70fb0e0dc9
pristine tsvc_2_s235_fp32.cpp e6e077a219c5d02f
pristine tsvc_2_s235_fp32.f90 5ff59ddc3ce27fb7
pristine tsvc_2_s235_numba_np.py bc382eaa62b5d472
cell c: c src=- src32=- bin=- env=- -> ('/usr/bin/gcc-14', 'gcc-14 (SUSE Linux) 14.2.0')
cell cinter: c src=variants/tsvc_2_s235_cinter.c src32=- bin=- env=- -> ('/usr/bin/gcc-14', 'gcc-14 (SUSE Linux) 14.2.0')
cell agent: fortran src=variants/tsvc_2_s235_agent.f90 src32=- bin=- env=- -> ('/users/lhulsbergen/bin/gfortran', 'GNU Fortran (SUSE Linux) 13.3.1 20250313 [revision 4ef1d8c84faeebffeb0cc01ee22e891b41e5c4e0]')
  [1] c                ok           min 535.038 ms 
  [1] cinter           ok           min 68.685 ms 
  [1] agent            ok           min 56.806 ms 
  [2] agent            ok           min 56.790 ms 
  [2] cinter           ok           min 68.244 ms 
  [2] c                ok           min 700.975 ms 
  [3] c                ok           min 665.909 ms 
  [3] cinter           ok           min 68.488 ms 
  [3] agent            ok           min 57.268 ms 
  [record] c                ok           min 813.121 ms 
  [record] cinter           ok           min 59.012 ms 
  [record] agent            ok           min 60.865 ms 
wrote 12 rows -> /capstor/scratch/cscs/lhulsbergen/bachelorThesisArtifacts-extracted/extractedMatrix/followup/parts/i235.csv
unit i235 node=nid006556 end=2026-10-09T10:38:33+02:00
