unit s3110r kernel=tsvc_2_s3110 bench=/capstor/scratch/cscs/lhulsbergen/HPCAgent-Bench-ext node=nid006547 start=2026-10-07T16:07:46+02:00 gfortran=/users/lhulsbergen/bin/gfortran bin14=/usr/bin/gfortran-14
PROBE nid006547 1 1
SRUN[s3110r]: srun --nodes=1 --ntasks=1 -w nid006547 --exclusive --cpu-bind=cores --hint=nomultithread --time=28 env LLR40_BENCH=/capstor/scratch/cscs/lhulsbergen/HPCAgent-Bench-ext /capstor/scratch/cscs/lhulsbergen/venv_llr40v2/bin/python sweep_gap.py --kernel tsvc_2_s3110 --cells c csel=c:src=variants/tsvc_2_s3110_csel.c numba --rounds 3 --perf --record-reps 10 --out parts/s3110r.csv --scratch scratch/s3110r --db-shard 201
pristine tsvc_2_s3110_fp64.c 13cdddec8a503656
pristine tsvc_2_s3110_fp64.cpp 95fdb406dab63a16
pristine tsvc_2_s3110_fp64.f90 2826f2bbc16e65f0
pristine tsvc_2_s3110_fp32.c 97dde7ce19f197cf
pristine tsvc_2_s3110_fp32.cpp e286c6c1e86bfc5a
pristine tsvc_2_s3110_fp32.f90 b7798776d0db7b82
pristine tsvc_2_s3110_numba_np.py a300e6f62ef4bd81
cell c: c src=- src32=- bin=- env=- -> ('/usr/bin/gcc-14', 'gcc-14 (SUSE Linux) 14.2.0')
cell csel: c src=variants/tsvc_2_s3110_csel.c src32=- bin=- env=- -> ('/usr/bin/gcc-14', 'gcc-14 (SUSE Linux) 14.2.0')
cell numba: numba src=- src32=- bin=- env=- -> ('numba', 'numba 0.67.0')
  [1] c                ok           min 118.280 ms 
  [1] csel             ok           min 416.576 ms 
  [1] numba            ok           min 313.621 ms 
  [2] numba            ok           min 313.754 ms 
  [2] csel             ok           min 416.669 ms 
  [2] c                ok           min 118.525 ms 
  [3] c                ok           min 118.377 ms 
  [3] csel             ok           min 416.611 ms 
  [3] numba            ok           min 313.796 ms 
  [record] c                ok           min 122.023 ms 
  [record] csel             ok           min 424.830 ms 
  [record] numba            ok           min 319.977 ms 
wrote 12 rows -> /capstor/scratch/cscs/lhulsbergen/bachelorThesisArtifacts-extracted/extractedMatrix/followup/parts/s3110r.csv
unit s3110r node=nid006547 end=2026-10-07T16:12:38+02:00
