unit boris kernel=warpx_boris_push bench=/capstor/scratch/cscs/lhulsbergen/HPCAgent-Bench-ext node=nid006556 start=2026-10-07T14:26:57+02:00 gfortran=/users/lhulsbergen/bin/gfortran bin14=/usr/bin/gfortran-14
PROBE nid006556 1 1
SRUN[boris]: srun --nodes=1 --ntasks=1 -w nid006556 --exclusive --cpu-bind=cores --hint=nomultithread --time=27 env LLR40_BENCH=/capstor/scratch/cscs/lhulsbergen/HPCAgent-Bench-ext /capstor/scratch/cscs/lhulsbergen/venv_llr40v2/bin/python sweep_gap.py --kernel warpx_boris_push --cells c fortran fortran14=fortran:bin=bin14 --rounds 3 --perf --record-reps 300 --out parts/boris.csv --scratch scratch/boris --db-shard 202
pristine warpx_boris_push_fp64.c 4df974435c75288a
pristine warpx_boris_push_fp64.cpp 735afa550f3e31aa
pristine warpx_boris_push_fp64.f90 49cae026e972751d
pristine warpx_boris_push_numba_np.py 5b74c30bace6d710
cell c: c src=- bin=- -> ('/usr/bin/gcc-14', 'gcc-14 (SUSE Linux) 14.2.0')
cell fortran: fortran src=- bin=- -> ('/users/lhulsbergen/bin/gfortran', 'GNU Fortran (SUSE Linux) 13.3.1 20250313 [revision 4ef1d8c84faeebffeb0cc01ee22e891b41e5c4e0]')
cell fortran14: fortran src=- bin=bin14 -> ('/capstor/scratch/cscs/lhulsbergen/bachelorThesisArtifacts-extracted/extractedMatrix/followup/bin14/gfortran', 'GNU Fortran (SUSE Linux) 14.2.0')
  [1] c                ok           min 3.025 ms 
  [1] fortran          ok           min 3.373 ms 
  [1] fortran14        ok           min 3.400 ms 
  [2] fortran14        ok           min 3.383 ms 
  [2] fortran          ok           min 3.420 ms 
  [2] c                ok           min 3.044 ms 
  [3] c                ok           min 3.023 ms 
  [3] fortran          ok           min 3.418 ms 
  [3] fortran14        ok           min 3.425 ms 
  [record] c                ok           min 3.144 ms 
  [record] fortran          ok           min 3.499 ms 
  [record] fortran14        ok           min 3.438 ms 
wrote 12 rows -> /capstor/scratch/cscs/lhulsbergen/bachelorThesisArtifacts-extracted/extractedMatrix/followup/parts/boris.csv
SRUN[boris]: srun --nodes=1 --ntasks=1 -w nid006556 --exclusive --cpu-bind=cores --hint=nomultithread --time=27 env PATH=/capstor/scratch/cscs/lhulsbergen/bachelorThesisArtifacts-extracted/extractedMatrix/followup/bin14:/users/lhulsbergen/.local/bin:/users/lhulsbergen/bin:/usr/local/bin:/usr/bin:/bin:/usr/lib/mit/bin env LLR40_BENCH=/capstor/scratch/cscs/lhulsbergen/HPCAgent-Bench-ext numactl --cpunodebind=0 --membind=0 /capstor/scratch/cscs/lhulsbergen/venv_llr40v2/bin/python ../opt_reports_extracted.py --index parts/optrep.boris.csv --out-dir opt_reports/gfortran14 --variant gfortran14 warpx_boris_push:fortran:fortran:emitted_sources/warpx_boris_push/warpx_boris_push_fp64.f90
warpx_boris_push             fortran      ok
SRUN[boris]: srun --nodes=1 --ntasks=1 -w nid006556 --exclusive --cpu-bind=cores --hint=nomultithread --time=27 env LLR40_BENCH=/capstor/scratch/cscs/lhulsbergen/HPCAgent-Bench-ext numactl --cpunodebind=0 --membind=0 /capstor/scratch/cscs/lhulsbergen/venv_llr40v2/bin/python ../opt_reports_extracted.py --index parts/optrep.boris.csv --out-dir opt_reports/gfortran13 --variant gfortran13 warpx_boris_push:fortran:fortran:emitted_sources/warpx_boris_push/warpx_boris_push_fp64.f90
warpx_boris_push             fortran      ok
SRUN[boris]: srun --nodes=1 --ntasks=1 -w nid006556 --exclusive --cpu-bind=cores --hint=nomultithread --time=27 env LLR40_BENCH=/capstor/scratch/cscs/lhulsbergen/HPCAgent-Bench-ext numactl --cpunodebind=0 --membind=0 /capstor/scratch/cscs/lhulsbergen/venv_llr40v2/bin/python ../opt_reports_extracted.py --index parts/optrep.boris.csv --out-dir opt_reports/gcc14 --variant gcc14 warpx_boris_push:c:c:emitted_sources/warpx_boris_push/warpx_boris_push_fp64.c
warpx_boris_push             c            ok
unit boris node=nid006556 end=2026-10-07T14:28:25+02:00
