unit agscat kernel=scatter_accum_dup bench=/capstor/scratch/cscs/lhulsbergen/HPCAgent-Bench-ext node=nid006556 start=2026-10-09T10:20:03+02:00 gfortran=/users/lhulsbergen/bin/gfortran bin14=/usr/bin/gfortran-14
PROBE nid006556 1 1
SRUN[agscat]: srun --nodes=1 --ntasks=1 -w nid006556 --exclusive --cpu-bind=cores --hint=nomultithread --time=28 env LLR40_BENCH=/capstor/scratch/cscs/lhulsbergen/HPCAgent-Bench-ext /capstor/scratch/cscs/lhulsbergen/venv_llr40v2/bin/python sweep_gap.py --kernel scatter_accum_dup --cells c agent=c:src=variants/scatter_accum_dup_agent.c agent1t=c:src=variants/scatter_accum_dup_agent1t.c agent1tplain=c:src=variants/scatter_accum_dup_agent1tplain.c catomic=c:src=variants/scatter_accum_dup_catomic.c catomicomp=c:src=variants/scatter_accum_dup_catomicomp.c --rounds 3 --perf --record-reps 10 --out parts/agscat.csv --scratch scratch/agscat --db-shard 202
pristine scatter_accum_dup_fp64.c cf2aa44e921cb2b4
pristine scatter_accum_dup_fp64.cpp f294ffa18fafd07d
pristine scatter_accum_dup_fp64.f90 d608176efc4d4559
pristine scatter_accum_dup_fp32.c 732544c43b4c9909
pristine scatter_accum_dup_fp32.cpp 808f79eeead6b590
pristine scatter_accum_dup_fp32.f90 d480ae835b12732a
pristine scatter_accum_dup_numba_np.py 56740cc99b5e3791
cell c: c src=- src32=- bin=- env=- -> ('/usr/bin/gcc-14', 'gcc-14 (SUSE Linux) 14.2.0')
cell agent: c src=variants/scatter_accum_dup_agent.c src32=- bin=- env=- -> ('/usr/bin/gcc-14', 'gcc-14 (SUSE Linux) 14.2.0')
cell agent1t: c src=variants/scatter_accum_dup_agent1t.c src32=- bin=- env=- -> ('/usr/bin/gcc-14', 'gcc-14 (SUSE Linux) 14.2.0')
cell agent1tplain: c src=variants/scatter_accum_dup_agent1tplain.c src32=- bin=- env=- -> ('/usr/bin/gcc-14', 'gcc-14 (SUSE Linux) 14.2.0')
cell catomic: c src=variants/scatter_accum_dup_catomic.c src32=- bin=- env=- -> ('/usr/bin/gcc-14', 'gcc-14 (SUSE Linux) 14.2.0')
cell catomicomp: c src=variants/scatter_accum_dup_catomicomp.c src32=- bin=- env=- -> ('/usr/bin/gcc-14', 'gcc-14 (SUSE Linux) 14.2.0')
  [1] c                ok           min 343.167 ms 
  [1] agent            ok           min 933.292 ms 
  [1] agent1t          ok           min 925.478 ms 
  [1] agent1tplain     ok           min 472.823 ms 
  [1] catomic          ok           min 516.746 ms 
  [1] catomicomp       ok           min 507.671 ms 
  [2] catomicomp       ok           min 506.639 ms 
  [2] catomic          ok           min 518.106 ms 
  [2] agent1tplain     ok           min 471.464 ms 
  [2] agent1t          ok           min 924.208 ms 
  [2] agent            ok           min 930.976 ms 
  [2] c                ok           min 344.397 ms 
  [3] c                ok           min 343.857 ms 
  [3] agent            ok           min 933.722 ms 
  [3] agent1t          ok           min 925.777 ms 
  [3] agent1tplain     ok           min 473.244 ms 
  [3] catomic          ok           min 517.804 ms 
  [3] catomicomp       ok           min 506.172 ms 
  [record] c                ok           min 353.215 ms 
  [record] agent            ok           min 954.318 ms 
  [record] agent1t          ok           min 953.545 ms 
  [record] agent1tplain     ok           min 485.798 ms 
  [record] catomic          ok           min 533.225 ms 
  [record] catomicomp       ok           min 520.906 ms 
wrote 24 rows -> /capstor/scratch/cscs/lhulsbergen/bachelorThesisArtifacts-extracted/extractedMatrix/followup/parts/agscat.csv
unit agscat node=nid006556 end=2026-10-09T10:33:06+02:00
