unit agscat2 kernel=scatter_accum_dup bench=/capstor/scratch/cscs/lhulsbergen/HPCAgent-Bench-ext node=nid006566 start=2026-10-09T10:56:46+02:00 gfortran=/users/lhulsbergen/bin/gfortran bin14=/usr/bin/gfortran-14
PROBE nid006566 1 1
SRUN[agscat2]: srun --nodes=1 --ntasks=1 -w nid006566 --exclusive --cpu-bind=cores --hint=nomultithread --time=28 env LLR40_BENCH=/capstor/scratch/cscs/lhulsbergen/HPCAgent-Bench-ext /capstor/scratch/cscs/lhulsbergen/venv_llr40v2/bin/python sweep_gap.py --kernel scatter_accum_dup --cells c agent1tplain=c:src=variants/scatter_accum_dup_agent1tplain.c agent1tnostage=c:src=variants/scatter_accum_dup_agent1tnostage.c --rounds 3 --perf --record-reps 10 --out parts/agscat2.csv --scratch scratch/agscat2 --db-shard 202
pristine scatter_accum_dup_fp64.c cf2aa44e921cb2b4
pristine scatter_accum_dup_fp64.cpp f294ffa18fafd07d
pristine scatter_accum_dup_fp64.f90 d608176efc4d4559
pristine scatter_accum_dup_fp32.c 732544c43b4c9909
pristine scatter_accum_dup_fp32.cpp 808f79eeead6b590
pristine scatter_accum_dup_fp32.f90 d480ae835b12732a
pristine scatter_accum_dup_numba_np.py 56740cc99b5e3791
cell c: c src=- src32=- bin=- env=- -> ('/usr/bin/gcc-14', 'gcc-14 (SUSE Linux) 14.2.0')
cell agent1tplain: c src=variants/scatter_accum_dup_agent1tplain.c src32=- bin=- env=- -> ('/usr/bin/gcc-14', 'gcc-14 (SUSE Linux) 14.2.0')
cell agent1tnostage: c src=variants/scatter_accum_dup_agent1tnostage.c src32=- bin=- env=- -> ('/usr/bin/gcc-14', 'gcc-14 (SUSE Linux) 14.2.0')
  [1] c                ok           min 333.882 ms 
  [1] agent1tplain     ok           min 453.506 ms 
  [1] agent1tnostage   ok           min 334.123 ms 
  [2] agent1tnostage   ok           min 333.956 ms 
  [2] agent1tplain     ok           min 455.740 ms 
  [2] c                ok           min 332.835 ms 
  [3] c                ok           min 333.862 ms 
  [3] agent1tplain     ok           min 455.786 ms 
  [3] agent1tnostage   ok           min 332.990 ms 
  [record] c                ok           min 342.003 ms 
  [record] agent1tplain     ok           min 462.980 ms 
  [record] agent1tnostage   ok           min 343.579 ms 
wrote 12 rows -> /capstor/scratch/cscs/lhulsbergen/bachelorThesisArtifacts-extracted/extractedMatrix/followup/parts/agscat2.csv
unit agscat2 node=nid006566 end=2026-10-09T11:01:59+02:00
