unit fgath kernel=warpx_field_gather bench=/capstor/scratch/cscs/lhulsbergen/HPCAgent-Bench-ext node=nid006555 start=2026-10-07T14:26:57+02:00 gfortran=/users/lhulsbergen/bin/gfortran bin14=/usr/bin/gfortran-14
PROBE nid006555 1 1
SRUN[fgath]: srun --nodes=1 --ntasks=1 -w nid006555 --exclusive --cpu-bind=cores --hint=nomultithread --time=27 env LLR40_BENCH=/capstor/scratch/cscs/lhulsbergen/HPCAgent-Bench-ext /capstor/scratch/cscs/lhulsbergen/venv_llr40v2/bin/python sweep_gap.py --kernel warpx_field_gather --cells c fortran fortran14=fortran:bin=bin14 --rounds 3 --perf --record-reps 60 --out parts/fgath.csv --scratch scratch/fgath --db-shard 201
pristine warpx_field_gather_fp64.c a9cd07ab2ad51509
pristine warpx_field_gather_fp64.cpp ecfc884ae77c7857
pristine warpx_field_gather_fp64.f90 65f9a50f18a58642
pristine warpx_field_gather_numba_np.py 43555889e7428c62
cell c: c src=- bin=- -> ('/usr/bin/gcc-14', 'gcc-14 (SUSE Linux) 14.2.0')
cell fortran: fortran src=- bin=- -> ('/users/lhulsbergen/bin/gfortran', 'GNU Fortran (SUSE Linux) 13.3.1 20250313 [revision 4ef1d8c84faeebffeb0cc01ee22e891b41e5c4e0]')
cell fortran14: fortran src=- bin=bin14 -> ('/capstor/scratch/cscs/lhulsbergen/bachelorThesisArtifacts-extracted/extractedMatrix/followup/bin14/gfortran', 'GNU Fortran (SUSE Linux) 14.2.0')
  [1] c                ok           min 11.370 ms 
  [1] fortran          ok           min 12.425 ms 
  [1] fortran14        ok           min 12.312 ms 
  [2] fortran14        ok           min 12.444 ms 
  [2] fortran          ok           min 12.484 ms 
  [2] c                ok           min 11.660 ms 
  [3] c                ok           min 11.695 ms 
  [3] fortran          ok           min 12.535 ms 
  [3] fortran14        ok           min 12.350 ms 
  [record] c                ok           min 12.731 ms 
  [record] fortran          ok           min 13.535 ms 
  [record] fortran14        ok           min 13.468 ms 
wrote 12 rows -> /capstor/scratch/cscs/lhulsbergen/bachelorThesisArtifacts-extracted/extractedMatrix/followup/parts/fgath.csv
SRUN[fgath]: srun --nodes=1 --ntasks=1 -w nid006555 --exclusive --cpu-bind=cores --hint=nomultithread --time=27 env PATH=/capstor/scratch/cscs/lhulsbergen/bachelorThesisArtifacts-extracted/extractedMatrix/followup/bin14:/users/lhulsbergen/.local/bin:/users/lhulsbergen/bin:/usr/local/bin:/usr/bin:/bin:/usr/lib/mit/bin env LLR40_BENCH=/capstor/scratch/cscs/lhulsbergen/HPCAgent-Bench-ext numactl --cpunodebind=0 --membind=0 /capstor/scratch/cscs/lhulsbergen/venv_llr40v2/bin/python ../opt_reports_extracted.py --index parts/optrep.fgath.csv --out-dir opt_reports/gfortran14 --variant gfortran14 warpx_field_gather:fortran:fortran:emitted_sources/warpx_field_gather/warpx_field_gather_fp64.f90
warpx_field_gather           fortran      ok
SRUN[fgath]: srun --nodes=1 --ntasks=1 -w nid006555 --exclusive --cpu-bind=cores --hint=nomultithread --time=27 env LLR40_BENCH=/capstor/scratch/cscs/lhulsbergen/HPCAgent-Bench-ext numactl --cpunodebind=0 --membind=0 /capstor/scratch/cscs/lhulsbergen/venv_llr40v2/bin/python ../opt_reports_extracted.py --index parts/optrep.fgath.csv --out-dir opt_reports/gfortran13 --variant gfortran13 warpx_field_gather:fortran:fortran:emitted_sources/warpx_field_gather/warpx_field_gather_fp64.f90
warpx_field_gather           fortran      ok
SRUN[fgath]: srun --nodes=1 --ntasks=1 -w nid006555 --exclusive --cpu-bind=cores --hint=nomultithread --time=27 env LLR40_BENCH=/capstor/scratch/cscs/lhulsbergen/HPCAgent-Bench-ext numactl --cpunodebind=0 --membind=0 /capstor/scratch/cscs/lhulsbergen/venv_llr40v2/bin/python ../opt_reports_extracted.py --index parts/optrep.fgath.csv --out-dir opt_reports/gcc14 --variant gcc14 warpx_field_gather:c:c:emitted_sources/warpx_field_gather/warpx_field_gather_fp64.c
warpx_field_gather           c            ok
unit fgath node=nid006555 end=2026-10-07T14:35:44+02:00
