job=4969394 nodes=nid006551 nid006555 nid006558 nid006559 nid006560 nid006561 nid006562 nid006563 nid006564 nid006565 start=2026-10-02T15:56:34+02:00 progress=0 todo=54
PROBE nid006551 72 72
PROBE nid006555 72 72
PROBE nid006558 72 72
PROBE nid006559 72 72
PROBE nid006560 72 72
PROBE nid006561 72 72
PROBE nid006562 72 72
PROBE nid006563 72 72
PROBE nid006564 72 72
PROBE nid006565 72 72
2026-10-02T15:56:42+02:00 nid006551 START MAIN tsvc_2_s115 (budget 28 min)
2026-10-02T15:56:42+02:00 nid006555 START MAIN wf_triangular (budget 28 min)
2026-10-02T15:56:42+02:00 nid006559 START MAIN fuse_diamond (budget 28 min)
2026-10-02T15:56:42+02:00 nid006558 START MAIN tsvc_2_s235 (budget 28 min)
2026-10-02T15:56:42+02:00 nid006562 START MAIN tsvc_2_s3110 (budget 28 min)
2026-10-02T15:56:42+02:00 nid006561 START MAIN fuse_stencil_through_transient (budget 28 min)
2026-10-02T15:56:42+02:00 nid006560 START MAIN tsvc_2_s311 (budget 28 min)
2026-10-02T15:56:42+02:00 nid006564 START MAIN tsvc_2_s319 (budget 28 min)
2026-10-02T15:56:42+02:00 nid006563 START MAIN tsvc_2_s231 (budget 28 min)
2026-10-02T15:56:42+02:00 nid006565 START MAIN tsvc_2_s233 (budget 28 min)
2026-10-02T15:58:36+02:00 nid006559 END   MAIN fuse_diamond rc=0
2026-10-02T15:58:36+02:00 nid006559 START MAIN tsvc_2_s318 (budget 26 min)
2026-10-02T15:58:49+02:00 nid006561 END   MAIN fuse_stencil_through_transient rc=0
2026-10-02T15:58:49+02:00 nid006561 START MAIN tsvc_2_s2275 (budget 26 min)
2026-10-02T15:59:10+02:00 nid006564 END   MAIN tsvc_2_s319 rc=0
2026-10-02T15:59:10+02:00 nid006564 START MAIN tsvc_2_s275 (budget 26 min)
2026-10-02T15:59:12+02:00 nid006562 END   MAIN tsvc_2_s3110 rc=0
2026-10-02T15:59:12+02:00 nid006562 START MAIN tsvc_2_s2710 (budget 26 min)
2026-10-02T16:00:00+02:00 nid006560 END   MAIN tsvc_2_s311 rc=0
2026-10-02T16:00:00+02:00 nid006560 START MAIN tsvc_2_s255 (budget 25 min)
2026-10-02T16:00:09+02:00 nid006555 END   MAIN wf_triangular rc=0
2026-10-02T16:00:09+02:00 nid006555 START MAIN tsvc_2_s1244 (budget 25 min)
2026-10-02T16:00:10+02:00 nid006559 END   MAIN tsvc_2_s318 rc=0
2026-10-02T16:00:10+02:00 nid006559 START MAIN tsvc_2_s3111 (budget 25 min)
2026-10-02T16:00:24+02:00 nid006551 END   MAIN tsvc_2_s115 rc=0
2026-10-02T16:00:24+02:00 nid006551 START MAIN tsvc_2_s4112 (budget 25 min)
2026-10-02T16:00:29+02:00 nid006563 END   MAIN tsvc_2_s231 rc=0
2026-10-02T16:00:29+02:00 nid006563 START MAIN tsvc_2_s119 (budget 25 min)
2026-10-02T16:00:48+02:00 nid006565 END   MAIN tsvc_2_s233 rc=0
2026-10-02T16:00:48+02:00 nid006565 START MAIN tsvc_2_s323 (budget 24 min)
2026-10-02T16:00:48+02:00 nid006558 END   MAIN tsvc_2_s235 rc=0
2026-10-02T16:00:48+02:00 nid006558 START MAIN scatter_accum_dup (budget 24 min)
2026-10-02T16:01:31+02:00 nid006562 END   MAIN tsvc_2_s2710 rc=0
2026-10-02T16:01:31+02:00 nid006562 START MAIN tsvc_2_vpvts (budget 24 min)
2026-10-02T16:01:34+02:00 nid006555 END   MAIN tsvc_2_s1244 rc=0
2026-10-02T16:01:34+02:00 nid006555 START MAIN tsvc_2_vag (budget 23 min)
2026-10-02T16:01:49+02:00 nid006560 END   MAIN tsvc_2_s255 rc=0
2026-10-02T16:01:49+02:00 nid006560 START MAIN tsvc_2_s2233 (budget 23 min)
2026-10-02T16:02:03+02:00 nid006563 END   MAIN tsvc_2_s119 rc=0
2026-10-02T16:02:04+02:00 nid006563 START MAIN tsvc_2_vtvtv (budget 23 min)
2026-10-02T16:02:08+02:00 nid006559 END   MAIN tsvc_2_s3111 rc=0
2026-10-02T16:02:08+02:00 nid006559 START MAIN versioned_distance_update (budget 23 min)
2026-10-02T16:02:19+02:00 nid006561 END   MAIN tsvc_2_s2275 rc=0
2026-10-02T16:02:19+02:00 nid006561 START MAIN fuse_move_ifs (budget 23 min)
2026-10-02T16:02:41+02:00 nid006565 END   MAIN tsvc_2_s323 rc=0
2026-10-02T16:02:41+02:00 nid006565 START MAIN argmax_with_index (budget 22 min)
2026-10-02T16:02:54+02:00 nid006558 END   MAIN scatter_accum_dup rc=0
2026-10-02T16:02:54+02:00 nid006558 START MAIN tsvc_2_s252 (budget 22 min)
2026-10-02T16:02:54+02:00 nid006551 END   MAIN tsvc_2_s4112 rc=0
2026-10-02T16:02:54+02:00 nid006551 START MAIN scan_affine_decay (budget 22 min)
2026-10-02T16:03:24+02:00 nid006562 END   MAIN tsvc_2_vpvts rc=0
2026-10-02T16:03:24+02:00 nid006562 START MAIN compact_threshold_pack (budget 22 min)
2026-10-02T16:03:51+02:00 nid006564 END   MAIN tsvc_2_s275 rc=0
2026-10-02T16:03:51+02:00 nid006564 START MAIN tsvc_2_s3112 (budget 21 min)
2026-10-02T16:03:57+02:00 nid006563 END   MAIN tsvc_2_vtvtv rc=0
2026-10-02T16:03:57+02:00 nid006563 START MAIN ext_war_unit (budget 21 min)
2026-10-02T16:03:58+02:00 nid006560 END   MAIN tsvc_2_s2233 rc=0
2026-10-02T16:03:58+02:00 nid006560 START MAIN ext_break_capture (budget 21 min)
2026-10-02T16:04:07+02:00 nid006555 END   MAIN tsvc_2_vag rc=0
2026-10-02T16:04:07+02:00 nid006555 START MAIN tsvc_2_s316 (budget 21 min)
2026-10-02T16:04:11+02:00 nid006565 END   MAIN argmax_with_index rc=0
2026-10-02T16:04:11+02:00 nid006565 START MAIN tsvc_2_s152 (budget 21 min)
2026-10-02T16:04:19+02:00 nid006561 END   MAIN fuse_move_ifs rc=0
2026-10-02T16:04:19+02:00 nid006561 START MAIN quasi_affine_reduce_odd (budget 21 min)
2026-10-02T16:04:20+02:00 nid006559 END   MAIN versioned_distance_update rc=0
2026-10-02T16:04:20+02:00 nid006559 START MAIN segment_reduce_ragged (budget 21 min)
2026-10-02T16:04:39+02:00 nid006551 END   MAIN scan_affine_decay rc=0
2026-10-02T16:04:39+02:00 nid006551 START MAIN tsvc_2_s1232 (budget 20 min)
2026-10-02T16:04:49+02:00 nid006558 END   MAIN tsvc_2_s252 rc=0
2026-10-02T16:04:49+02:00 nid006558 START MAIN wf_diff_skew (budget 20 min)
2026-10-02T16:05:02+02:00 nid006559 END   MAIN segment_reduce_ragged rc=0
2026-10-02T16:05:02+02:00 nid006559 START F tsvc_2_s115 (budget 20 min)
2026-10-02T16:05:09+02:00 nid006562 END   MAIN compact_threshold_pack rc=0
2026-10-02T16:05:09+02:00 nid006562 START F wf_triangular (budget 20 min)
2026-10-02T16:05:24+02:00 nid006561 END   MAIN quasi_affine_reduce_odd rc=0
2026-10-02T16:05:24+02:00 nid006561 START F wf_diff_skew (budget 20 min)
2026-10-02T16:05:25+02:00 nid006560 END   MAIN ext_break_capture rc=0
2026-10-02T16:05:25+02:00 nid006560 START FPOFF tsvc_2_s115 (budget 20 min)
2026-10-02T16:05:26+02:00 nid006560 END   FPOFF tsvc_2_s115 rc=0
2026-10-02T16:05:26+02:00 nid006560 START AB argmax_with_index (budget 20 min)
2026-10-02T16:05:27+02:00 nid006563 END   MAIN ext_war_unit rc=0
2026-10-02T16:05:27+02:00 nid006563 START AB quasi_affine_reduce_odd (budget 20 min)
2026-10-02T16:05:28+02:00 nid006559 END   F tsvc_2_s115 rc=0
2026-10-02T16:05:28+02:00 nid006559 START AB scan_affine_decay (budget 20 min)
2026-10-02T16:05:30+02:00 nid006565 END   MAIN tsvc_2_s152 rc=0
2026-10-02T16:05:30+02:00 nid006565 START AB tsvc_2_s311 (budget 20 min)
2026-10-02T16:05:33+02:00 nid006562 END   F wf_triangular rc=0
2026-10-02T16:05:33+02:00 nid006562 START AB tsvc_2_s3110 (budget 19 min)
2026-10-02T16:05:37+02:00 nid006555 END   MAIN tsvc_2_s316 rc=0
2026-10-02T16:05:37+02:00 nid006555 START AB tsvc_2_s3111 (budget 19 min)
2026-10-02T16:05:44+02:00 nid006564 END   MAIN tsvc_2_s3112 rc=0
2026-10-02T16:05:44+02:00 nid006564 START AB tsvc_2_s3112 (budget 19 min)
2026-10-02T16:05:49+02:00 nid006561 END   F wf_diff_skew rc=0
2026-10-02T16:05:49+02:00 nid006561 START AB tsvc_2_s316 (budget 19 min)
2026-10-02T16:06:03+02:00 nid006563 END   AB quasi_affine_reduce_odd rc=0
2026-10-02T16:06:03+02:00 nid006563 START AB tsvc_2_s318 (budget 19 min)
2026-10-02T16:06:04+02:00 nid006560 END   AB argmax_with_index rc=0
2026-10-02T16:06:04+02:00 nid006560 START AB tsvc_2_s319 (budget 19 min)
2026-10-02T16:06:15+02:00 nid006562 END   AB tsvc_2_s3110 rc=0
2026-10-02T16:06:18+02:00 nid006559 END   AB scan_affine_decay rc=0
2026-10-02T16:06:20+02:00 nid006558 END   MAIN wf_diff_skew rc=0
2026-10-02T16:06:25+02:00 nid006561 END   AB tsvc_2_s316 rc=0
2026-10-02T16:06:33+02:00 nid006563 END   AB tsvc_2_s318 rc=0
2026-10-02T16:06:40+02:00 nid006564 END   AB tsvc_2_s3112 rc=0
2026-10-02T16:06:42+02:00 nid006565 END   AB tsvc_2_s311 rc=0
2026-10-02T16:06:44+02:00 nid006560 END   AB tsvc_2_s319 rc=0
2026-10-02T16:07:06+02:00 nid006551 END   MAIN tsvc_2_s1232 rc=0
2026-10-02T16:07:08+02:00 nid006555 END   AB tsvc_2_s3111 rc=0
end=2026-10-02T16:07:10+02:00 progress=0->278 units_left=2
Submitted batch job 4969509
