unit FPARENS tsvc_2_s3111 node=nid005527 start=2026-10-06T13:25:05+02:00 g++=/users/lhulsbergen/bin/g++ gfortran=/users/lhulsbergen/bin/gfortran
PROBE nid005527 1 1
PROBE nid005527 1 1
SRUN[FPARENS tsvc_2_s3111]: srun --nodes=1 --ntasks=1 -w nid005527 --exclusive --cpu-bind=cores --hint=nomultithread --time=40 env LLR40_BENCH=/capstor/scratch/cscs/lhulsbergen/HPCAgent-Bench-v2-fu /capstor/scratch/cscs/lhulsbergen/venv_llr40v2/bin/python sweep_followup.py --kernels tsvc_2_s3111 --preset M --warmup 5 --reps 30 --out parts/fparens/tsvc_2_s3111.default.csv --scratch scratch/fparens/tsvc_2_s3111.default --attempts-out parts/fparens/tsvc_2_s3111.default.attempts.csv --attempt-logs logs/attempts --reprs c,fortran --perf --emitted-dir emitted_sources/fparens
[1/1] tsvc_2_s3111
    c            ok           median 124.003 ms 
    fortran      ok           median 721.607 ms 

wrote 2 rows -> /capstor/scratch/cscs/lhulsbergen/bachelorThesisArtifacts-followup/llr40Matrix/v2/followup/parts/fparens/tsvc_2_s3111.default.csv
SRUN[FPARENS tsvc_2_s3111]: srun --nodes=1 --ntasks=1 -w nid005527 --exclusive --cpu-bind=cores --hint=nomultithread --time=40 env LLR40_BENCH=/capstor/scratch/cscs/lhulsbergen/HPCAgent-Bench-v2-fu-noparens /capstor/scratch/cscs/lhulsbergen/venv_llr40v2/bin/python sweep_followup.py --kernels tsvc_2_s3111 --preset M --warmup 5 --reps 30 --out parts/fparens/tsvc_2_s3111.noparens.csv --scratch scratch/fparens/tsvc_2_s3111.noparens --attempts-out parts/fparens/tsvc_2_s3111.noparens.attempts.csv --attempt-logs logs/attempts --reprs fortran --variant fno-protect-parens --flags-variant=-fno-protect-parens --perf --emitted-dir emitted_sources/fparens
[1/1] tsvc_2_s3111
    fortran      ok           median 73.254 ms 

wrote 1 rows -> /capstor/scratch/cscs/lhulsbergen/bachelorThesisArtifacts-followup/llr40Matrix/v2/followup/parts/fparens/tsvc_2_s3111.noparens.csv
SRUN[FPARENS tsvc_2_s3111]: srun --nodes=1 --ntasks=1 -w nid005527 --exclusive --cpu-bind=cores --hint=nomultithread --time=40 env LLR40_BENCH=/capstor/scratch/cscs/lhulsbergen/HPCAgent-Bench-v2-fu /capstor/scratch/cscs/lhulsbergen/venv_llr40v2/bin/python sweep_followup.py --kernels tsvc_2_s3111 --preset M --warmup 5 --reps 30 --out parts/fparens_dump/tsvc_2_s3111.default.csv --scratch scratch/fparens_dump/tsvc_2_s3111.default --attempts-out parts/fparens_dump/tsvc_2_s3111.default.attempts.csv --attempt-logs logs/attempts --reprs c,cpp,fortran --warmup 0 --reps 1 --variant output_dump --dump-outputs /capstor/store/cscs/userlab/g34/lhulsbergen/llr40_followup/fparens_outputs/default --dump-oracle /capstor/store/cscs/userlab/g34/lhulsbergen/llr40_followup/fparens_outputs/oracle --emitted-dir emitted_sources/fparens
[1/1] tsvc_2_s3111
    c            ok           median 123.949 ms 
    cpp          ok           median 124.188 ms 
    fortran      ok           median 721.636 ms 

wrote 3 rows -> /capstor/scratch/cscs/lhulsbergen/bachelorThesisArtifacts-followup/llr40Matrix/v2/followup/parts/fparens_dump/tsvc_2_s3111.default.csv
SRUN[FPARENS tsvc_2_s3111]: srun --nodes=1 --ntasks=1 -w nid005527 --exclusive --cpu-bind=cores --hint=nomultithread --time=40 env LLR40_BENCH=/capstor/scratch/cscs/lhulsbergen/HPCAgent-Bench-v2-fu-noparens /capstor/scratch/cscs/lhulsbergen/venv_llr40v2/bin/python sweep_followup.py --kernels tsvc_2_s3111 --preset M --warmup 5 --reps 30 --out parts/fparens_dump/tsvc_2_s3111.noparens.csv --scratch scratch/fparens_dump/tsvc_2_s3111.noparens --attempts-out parts/fparens_dump/tsvc_2_s3111.noparens.attempts.csv --attempt-logs logs/attempts --reprs fortran --warmup 0 --reps 1 --variant output_dump_fno-protect-parens --flags-variant=-fno-protect-parens --dump-outputs /capstor/store/cscs/userlab/g34/lhulsbergen/llr40_followup/fparens_outputs/noparens --dump-oracle /capstor/store/cscs/userlab/g34/lhulsbergen/llr40_followup/fparens_outputs/oracle --emitted-dir emitted_sources/fparens
[1/1] tsvc_2_s3111
    fortran      ok           median 72.804 ms 

wrote 1 rows -> /capstor/scratch/cscs/lhulsbergen/bachelorThesisArtifacts-followup/llr40Matrix/v2/followup/parts/fparens_dump/tsvc_2_s3111.noparens.csv
SRUN[FPARENS tsvc_2_s3111]: srun --nodes=1 --ntasks=1 -w nid005527 --exclusive --cpu-bind=cores --hint=nomultithread --time=40 env LLR40_BENCH=/capstor/scratch/cscs/lhulsbergen/HPCAgent-Bench-v2-fu /capstor/scratch/cscs/lhulsbergen/venv_llr40v2/bin/python fortran_parens_outputs.py --root /capstor/store/cscs/userlab/g34/lhulsbergen/llr40_followup/fparens_outputs --kernel tsvc_2_s3111 --out parts/fparens_outputs/tsvc_2_s3111.csv
tsvc_2_s3111               b        c                 identical=yes diff=         0 max_abs=0.000e+00 max_rel=0.000e+00 max_ulp=0
tsvc_2_s3111               b        cpp               identical=yes diff=         0 max_abs=0.000e+00 max_rel=0.000e+00 max_ulp=0
tsvc_2_s3111               b        fortran_default   identical=yes diff=         0 max_abs=0.000e+00 max_rel=0.000e+00 max_ulp=0
tsvc_2_s3111               b        fortran_noparens  identical=no  diff=         1 max_abs=1.215e-02 max_rel=2.429e-13 max_ulp=1592
SRUN[FPARENS tsvc_2_s3111]: srun --nodes=1 --ntasks=1 -w nid005527 --exclusive --cpu-bind=cores --hint=nomultithread --time=40 env LLR40_BENCH=/capstor/scratch/cscs/lhulsbergen/HPCAgent-Bench-v2-fu numactl --cpunodebind=0 --membind=0 /capstor/scratch/cscs/lhulsbergen/venv_llr40v2/bin/python opt_reports_followup.py --out-dir opt_reports/fparens/default --index parts/fparens/default/optrep.tsvc_2_s3111.base.csv --variant  tsvc_2_s3111:fortran:fortran:emitted_sources/fparens/tsvc_2_s3111/tsvc_2_s3111_fp64.f90 tsvc_2_s3111:c:c:emitted_sources/fparens/tsvc_2_s3111/tsvc_2_s3111_fp64.c
tsvc_2_s3111                 fortran      ok
tsvc_2_s3111                 c            ok
Traceback (most recent call last):
  File "/capstor/scratch/cscs/lhulsbergen/bachelorThesisArtifacts-followup/llr40Matrix/v2/followup/opt_reports_followup.py", line 176, in <module>
    main()
  File "/capstor/scratch/cscs/lhulsbergen/bachelorThesisArtifacts-followup/llr40Matrix/v2/followup/opt_reports_followup.py", line 166, in main
    with open(idx, "w", newline="") as fh:
         ^^^^^^^^^^^^^^^^^^^^^^^^^^
FileNotFoundError: [Errno 2] No such file or directory: 'parts/fparens/default/optrep.tsvc_2_s3111.base.csv'
srun: error: nid005527: task 0: Exited with exit code 1
srun: Terminating StepId=4990019.89
SRUN[FPARENS tsvc_2_s3111]: srun --nodes=1 --ntasks=1 -w nid005527 --exclusive --cpu-bind=cores --hint=nomultithread --time=40 env LLR40_BENCH=/capstor/scratch/cscs/lhulsbergen/HPCAgent-Bench-v2-fu-noparens numactl --cpunodebind=0 --membind=0 /capstor/scratch/cscs/lhulsbergen/venv_llr40v2/bin/python opt_reports_followup.py --out-dir opt_reports/fparens/noparens --index parts/fparens/noparens/optrep.tsvc_2_s3111.fno-protect-parens.csv --variant fno-protect-parens tsvc_2_s3111:fortran:fortran:emitted_sources/fparens/tsvc_2_s3111/tsvc_2_s3111_fp64.f90
tsvc_2_s3111                 fortran      ok
Traceback (most recent call last):
  File "/capstor/scratch/cscs/lhulsbergen/bachelorThesisArtifacts-followup/llr40Matrix/v2/followup/opt_reports_followup.py", line 176, in <module>
    main()
  File "/capstor/scratch/cscs/lhulsbergen/bachelorThesisArtifacts-followup/llr40Matrix/v2/followup/opt_reports_followup.py", line 166, in main
    with open(idx, "w", newline="") as fh:
         ^^^^^^^^^^^^^^^^^^^^^^^^^^
FileNotFoundError: [Errno 2] No such file or directory: 'parts/fparens/noparens/optrep.tsvc_2_s3111.fno-protect-parens.csv'
srun: error: nid005527: task 0: Exited with exit code 1
srun: Terminating StepId=4990019.91
unit FPARENS tsvc_2_s3111 node=nid005527 end=2026-10-06T13:27:22+02:00
