unit FPARENS fuse_diamond node=nid005696 start=2026-10-06T13:27:45+02:00 g++=/users/lhulsbergen/bin/g++ gfortran=/users/lhulsbergen/bin/gfortran
PROBE nid005696 1 1
PROBE nid005696 1 1
SRUN[FPARENS fuse_diamond]: srun --nodes=1 --ntasks=1 -w nid005696 --exclusive --cpu-bind=cores --hint=nomultithread --time=40 env LLR40_BENCH=/capstor/scratch/cscs/lhulsbergen/HPCAgent-Bench-v2-fu /capstor/scratch/cscs/lhulsbergen/venv_llr40v2/bin/python sweep_followup.py --kernels fuse_diamond --preset M --warmup 5 --reps 30 --out parts/fparens/fuse_diamond.default.csv --scratch scratch/fparens/fuse_diamond.default --attempts-out parts/fparens/fuse_diamond.default.attempts.csv --attempt-logs logs/attempts --reprs fortran --perf --emitted-dir emitted_sources/fparens
[1/1] fuse_diamond
    fortran      ok           median 173.299 ms 

wrote 1 rows -> /capstor/scratch/cscs/lhulsbergen/bachelorThesisArtifacts-followup/llr40Matrix/v2/followup/parts/fparens/fuse_diamond.default.csv
SRUN[FPARENS fuse_diamond]: srun --nodes=1 --ntasks=1 -w nid005696 --exclusive --cpu-bind=cores --hint=nomultithread --time=40 env LLR40_BENCH=/capstor/scratch/cscs/lhulsbergen/HPCAgent-Bench-v2-fu-noparens /capstor/scratch/cscs/lhulsbergen/venv_llr40v2/bin/python sweep_followup.py --kernels fuse_diamond --preset M --warmup 5 --reps 30 --out parts/fparens/fuse_diamond.noparens.csv --scratch scratch/fparens/fuse_diamond.noparens --attempts-out parts/fparens/fuse_diamond.noparens.attempts.csv --attempt-logs logs/attempts --reprs fortran --variant fno-protect-parens --flags-variant=-fno-protect-parens --perf --emitted-dir emitted_sources/fparens
[1/1] fuse_diamond
    fortran      ok           median 174.862 ms 

wrote 1 rows -> /capstor/scratch/cscs/lhulsbergen/bachelorThesisArtifacts-followup/llr40Matrix/v2/followup/parts/fparens/fuse_diamond.noparens.csv
SRUN[FPARENS fuse_diamond]: srun --nodes=1 --ntasks=1 -w nid005696 --exclusive --cpu-bind=cores --hint=nomultithread --time=40 env LLR40_BENCH=/capstor/scratch/cscs/lhulsbergen/HPCAgent-Bench-v2-fu numactl --cpunodebind=0 --membind=0 /capstor/scratch/cscs/lhulsbergen/venv_llr40v2/bin/python opt_reports_followup.py --out-dir opt_reports/fparens/default --index parts/fparens/default/optrep.fuse_diamond.base.csv --variant  fuse_diamond:fortran:fortran:emitted_sources/fparens/fuse_diamond/fuse_diamond_fp64.f90
fuse_diamond                 fortran      ok
Traceback (most recent call last):
  File "/capstor/scratch/cscs/lhulsbergen/bachelorThesisArtifacts-followup/llr40Matrix/v2/followup/opt_reports_followup.py", line 176, in <module>
    main()
  File "/capstor/scratch/cscs/lhulsbergen/bachelorThesisArtifacts-followup/llr40Matrix/v2/followup/opt_reports_followup.py", line 166, in main
    with open(idx, "w", newline="") as fh:
         ^^^^^^^^^^^^^^^^^^^^^^^^^^
FileNotFoundError: [Errno 2] No such file or directory: 'parts/fparens/default/optrep.fuse_diamond.base.csv'
srun: error: nid005696: task 0: Exited with exit code 1
srun: Terminating StepId=4990019.151
SRUN[FPARENS fuse_diamond]: srun --nodes=1 --ntasks=1 -w nid005696 --exclusive --cpu-bind=cores --hint=nomultithread --time=40 env LLR40_BENCH=/capstor/scratch/cscs/lhulsbergen/HPCAgent-Bench-v2-fu-noparens numactl --cpunodebind=0 --membind=0 /capstor/scratch/cscs/lhulsbergen/venv_llr40v2/bin/python opt_reports_followup.py --out-dir opt_reports/fparens/noparens --index parts/fparens/noparens/optrep.fuse_diamond.fno-protect-parens.csv --variant fno-protect-parens fuse_diamond:fortran:fortran:emitted_sources/fparens/fuse_diamond/fuse_diamond_fp64.f90
fuse_diamond                 fortran      ok
Traceback (most recent call last):
  File "/capstor/scratch/cscs/lhulsbergen/bachelorThesisArtifacts-followup/llr40Matrix/v2/followup/opt_reports_followup.py", line 176, in <module>
    main()
  File "/capstor/scratch/cscs/lhulsbergen/bachelorThesisArtifacts-followup/llr40Matrix/v2/followup/opt_reports_followup.py", line 166, in main
    with open(idx, "w", newline="") as fh:
         ^^^^^^^^^^^^^^^^^^^^^^^^^^
FileNotFoundError: [Errno 2] No such file or directory: 'parts/fparens/noparens/optrep.fuse_diamond.fno-protect-parens.csv'
srun: error: nid005696: task 0: Exited with exit code 1
srun: Terminating StepId=4990019.152
unit FPARENS fuse_diamond node=nid005696 end=2026-10-06T13:28:26+02:00
