unit FPARENS fuse_stencil_through_transient node=nid005776 start=2026-10-06T13:26:39+02:00 g++=/users/lhulsbergen/bin/g++ gfortran=/users/lhulsbergen/bin/gfortran
PROBE nid005776 1 1
PROBE nid005776 1 1
SRUN[FPARENS fuse_stencil_through_transient]: srun --nodes=1 --ntasks=1 -w nid005776 --exclusive --cpu-bind=cores --hint=nomultithread --time=40 env LLR40_BENCH=/capstor/scratch/cscs/lhulsbergen/HPCAgent-Bench-v2-fu /capstor/scratch/cscs/lhulsbergen/venv_llr40v2/bin/python sweep_followup.py --kernels fuse_stencil_through_transient --preset M --warmup 5 --reps 30 --out parts/fparens/fuse_stencil_through_transient.default.csv --scratch scratch/fparens/fuse_stencil_through_transient.default --attempts-out parts/fparens/fuse_stencil_through_transient.default.attempts.csv --attempt-logs logs/attempts --reprs fortran --perf --emitted-dir emitted_sources/fparens
[1/1] fuse_stencil_through_transient
    fortran      ok           median 121.391 ms 

wrote 1 rows -> /capstor/scratch/cscs/lhulsbergen/bachelorThesisArtifacts-followup/llr40Matrix/v2/followup/parts/fparens/fuse_stencil_through_transient.default.csv
SRUN[FPARENS fuse_stencil_through_transient]: srun --nodes=1 --ntasks=1 -w nid005776 --exclusive --cpu-bind=cores --hint=nomultithread --time=40 env LLR40_BENCH=/capstor/scratch/cscs/lhulsbergen/HPCAgent-Bench-v2-fu-noparens /capstor/scratch/cscs/lhulsbergen/venv_llr40v2/bin/python sweep_followup.py --kernels fuse_stencil_through_transient --preset M --warmup 5 --reps 30 --out parts/fparens/fuse_stencil_through_transient.noparens.csv --scratch scratch/fparens/fuse_stencil_through_transient.noparens --attempts-out parts/fparens/fuse_stencil_through_transient.noparens.attempts.csv --attempt-logs logs/attempts --reprs fortran --variant fno-protect-parens --flags-variant=-fno-protect-parens --perf --emitted-dir emitted_sources/fparens
[1/1] fuse_stencil_through_transient
    fortran      ok           median 117.146 ms 

wrote 1 rows -> /capstor/scratch/cscs/lhulsbergen/bachelorThesisArtifacts-followup/llr40Matrix/v2/followup/parts/fparens/fuse_stencil_through_transient.noparens.csv
SRUN[FPARENS fuse_stencil_through_transient]: srun --nodes=1 --ntasks=1 -w nid005776 --exclusive --cpu-bind=cores --hint=nomultithread --time=40 env LLR40_BENCH=/capstor/scratch/cscs/lhulsbergen/HPCAgent-Bench-v2-fu numactl --cpunodebind=0 --membind=0 /capstor/scratch/cscs/lhulsbergen/venv_llr40v2/bin/python opt_reports_followup.py --out-dir opt_reports/fparens/default --index parts/fparens/default/optrep.fuse_stencil_through_transient.base.csv --variant  fuse_stencil_through_transient:fortran:fortran:emitted_sources/fparens/fuse_stencil_through_transient/fuse_stencil_through_transient_fp64.f90
fuse_stencil_through_transient fortran      ok
Traceback (most recent call last):
  File "/capstor/scratch/cscs/lhulsbergen/bachelorThesisArtifacts-followup/llr40Matrix/v2/followup/opt_reports_followup.py", line 176, in <module>
    main()
  File "/capstor/scratch/cscs/lhulsbergen/bachelorThesisArtifacts-followup/llr40Matrix/v2/followup/opt_reports_followup.py", line 166, in main
    with open(idx, "w", newline="") as fh:
         ^^^^^^^^^^^^^^^^^^^^^^^^^^
FileNotFoundError: [Errno 2] No such file or directory: 'parts/fparens/default/optrep.fuse_stencil_through_transient.base.csv'
srun: error: nid005776: task 0: Exited with exit code 1
srun: Terminating StepId=4990019.90
SRUN[FPARENS fuse_stencil_through_transient]: srun --nodes=1 --ntasks=1 -w nid005776 --exclusive --cpu-bind=cores --hint=nomultithread --time=40 env LLR40_BENCH=/capstor/scratch/cscs/lhulsbergen/HPCAgent-Bench-v2-fu-noparens numactl --cpunodebind=0 --membind=0 /capstor/scratch/cscs/lhulsbergen/venv_llr40v2/bin/python opt_reports_followup.py --out-dir opt_reports/fparens/noparens --index parts/fparens/noparens/optrep.fuse_stencil_through_transient.fno-protect-parens.csv --variant fno-protect-parens fuse_stencil_through_transient:fortran:fortran:emitted_sources/fparens/fuse_stencil_through_transient/fuse_stencil_through_transient_fp64.f90
fuse_stencil_through_transient fortran      ok
Traceback (most recent call last):
  File "/capstor/scratch/cscs/lhulsbergen/bachelorThesisArtifacts-followup/llr40Matrix/v2/followup/opt_reports_followup.py", line 176, in <module>
    main()
  File "/capstor/scratch/cscs/lhulsbergen/bachelorThesisArtifacts-followup/llr40Matrix/v2/followup/opt_reports_followup.py", line 166, in main
    with open(idx, "w", newline="") as fh:
         ^^^^^^^^^^^^^^^^^^^^^^^^^^
FileNotFoundError: [Errno 2] No such file or directory: 'parts/fparens/noparens/optrep.fuse_stencil_through_transient.fno-protect-parens.csv'
srun: error: nid005776: task 0: Exited with exit code 1
srun: Terminating StepId=4990019.93
unit FPARENS fuse_stencil_through_transient node=nid005776 end=2026-10-06T13:27:23+02:00
