unit FPARENS tsvc_2_vpvts node=nid005980 start=2026-10-06T13:29:55+02:00 g++=/users/lhulsbergen/bin/g++ gfortran=/users/lhulsbergen/bin/gfortran
PROBE nid005980 1 1
PROBE nid005980 1 1
SRUN[FPARENS tsvc_2_vpvts]: srun --nodes=1 --ntasks=1 -w nid005980 --exclusive --cpu-bind=cores --hint=nomultithread --time=40 env LLR40_BENCH=/capstor/scratch/cscs/lhulsbergen/HPCAgent-Bench-v2-fu /capstor/scratch/cscs/lhulsbergen/venv_llr40v2/bin/python sweep_followup.py --kernels tsvc_2_vpvts --preset M --warmup 5 --reps 30 --out parts/fparens/tsvc_2_vpvts.default.csv --scratch scratch/fparens/tsvc_2_vpvts.default --attempts-out parts/fparens/tsvc_2_vpvts.default.attempts.csv --attempt-logs logs/attempts --reprs fortran --perf --emitted-dir emitted_sources/fparens
[1/1] tsvc_2_vpvts
    fortran      ok           median 88.316 ms 

wrote 1 rows -> /capstor/scratch/cscs/lhulsbergen/bachelorThesisArtifacts-followup/llr40Matrix/v2/followup/parts/fparens/tsvc_2_vpvts.default.csv
SRUN[FPARENS tsvc_2_vpvts]: srun --nodes=1 --ntasks=1 -w nid005980 --exclusive --cpu-bind=cores --hint=nomultithread --time=40 env LLR40_BENCH=/capstor/scratch/cscs/lhulsbergen/HPCAgent-Bench-v2-fu-noparens /capstor/scratch/cscs/lhulsbergen/venv_llr40v2/bin/python sweep_followup.py --kernels tsvc_2_vpvts --preset M --warmup 5 --reps 30 --out parts/fparens/tsvc_2_vpvts.noparens.csv --scratch scratch/fparens/tsvc_2_vpvts.noparens --attempts-out parts/fparens/tsvc_2_vpvts.noparens.attempts.csv --attempt-logs logs/attempts --reprs fortran --variant fno-protect-parens --flags-variant=-fno-protect-parens --perf --emitted-dir emitted_sources/fparens
[1/1] tsvc_2_vpvts
    fortran      ok           median 88.633 ms 

wrote 1 rows -> /capstor/scratch/cscs/lhulsbergen/bachelorThesisArtifacts-followup/llr40Matrix/v2/followup/parts/fparens/tsvc_2_vpvts.noparens.csv
SRUN[FPARENS tsvc_2_vpvts]: srun --nodes=1 --ntasks=1 -w nid005980 --exclusive --cpu-bind=cores --hint=nomultithread --time=40 env LLR40_BENCH=/capstor/scratch/cscs/lhulsbergen/HPCAgent-Bench-v2-fu numactl --cpunodebind=0 --membind=0 /capstor/scratch/cscs/lhulsbergen/venv_llr40v2/bin/python opt_reports_followup.py --out-dir opt_reports/fparens/default --index parts/fparens/default/optrep.tsvc_2_vpvts.base.csv --variant  tsvc_2_vpvts:fortran:fortran:emitted_sources/fparens/tsvc_2_vpvts/tsvc_2_vpvts_fp64.f90
tsvc_2_vpvts                 fortran      ok
Traceback (most recent call last):
  File "/capstor/scratch/cscs/lhulsbergen/bachelorThesisArtifacts-followup/llr40Matrix/v2/followup/opt_reports_followup.py", line 176, in <module>
    main()
  File "/capstor/scratch/cscs/lhulsbergen/bachelorThesisArtifacts-followup/llr40Matrix/v2/followup/opt_reports_followup.py", line 166, in main
    with open(idx, "w", newline="") as fh:
         ^^^^^^^^^^^^^^^^^^^^^^^^^^
FileNotFoundError: [Errno 2] No such file or directory: 'parts/fparens/default/optrep.tsvc_2_vpvts.base.csv'
srun: error: nid005980: task 0: Exited with exit code 1
srun: Terminating StepId=4990019.250
SRUN[FPARENS tsvc_2_vpvts]: srun --nodes=1 --ntasks=1 -w nid005980 --exclusive --cpu-bind=cores --hint=nomultithread --time=40 env LLR40_BENCH=/capstor/scratch/cscs/lhulsbergen/HPCAgent-Bench-v2-fu-noparens numactl --cpunodebind=0 --membind=0 /capstor/scratch/cscs/lhulsbergen/venv_llr40v2/bin/python opt_reports_followup.py --out-dir opt_reports/fparens/noparens --index parts/fparens/noparens/optrep.tsvc_2_vpvts.fno-protect-parens.csv --variant fno-protect-parens tsvc_2_vpvts:fortran:fortran:emitted_sources/fparens/tsvc_2_vpvts/tsvc_2_vpvts_fp64.f90
tsvc_2_vpvts                 fortran      ok
Traceback (most recent call last):
  File "/capstor/scratch/cscs/lhulsbergen/bachelorThesisArtifacts-followup/llr40Matrix/v2/followup/opt_reports_followup.py", line 176, in <module>
    main()
  File "/capstor/scratch/cscs/lhulsbergen/bachelorThesisArtifacts-followup/llr40Matrix/v2/followup/opt_reports_followup.py", line 166, in main
    with open(idx, "w", newline="") as fh:
         ^^^^^^^^^^^^^^^^^^^^^^^^^^
FileNotFoundError: [Errno 2] No such file or directory: 'parts/fparens/noparens/optrep.tsvc_2_vpvts.fno-protect-parens.csv'
srun: error: nid005980: task 0: Exited with exit code 1
srun: Terminating StepId=4990019.253
unit FPARENS tsvc_2_vpvts node=nid005980 end=2026-10-06T13:30:45+02:00
