unit FPARENS argmax_with_index node=nid006367 start=2026-10-06T13:25:05+02:00 g++=/users/lhulsbergen/bin/g++ gfortran=/users/lhulsbergen/bin/gfortran
PROBE nid006367 1 1
PROBE nid006367 1 1
SRUN[FPARENS argmax_with_index]: srun --nodes=1 --ntasks=1 -w nid006367 --exclusive --cpu-bind=cores --hint=nomultithread --time=40 env LLR40_BENCH=/capstor/scratch/cscs/lhulsbergen/HPCAgent-Bench-v2-fu /capstor/scratch/cscs/lhulsbergen/venv_llr40v2/bin/python sweep_followup.py --kernels argmax_with_index --preset M --warmup 5 --reps 30 --out parts/fparens/argmax_with_index.default.csv --scratch scratch/fparens/argmax_with_index.default --attempts-out parts/fparens/argmax_with_index.default.attempts.csv --attempt-logs logs/attempts --reprs fortran --perf --emitted-dir emitted_sources/fparens
[1/1] argmax_with_index
    fortran      ok           median 79.334 ms 

wrote 1 rows -> /capstor/scratch/cscs/lhulsbergen/bachelorThesisArtifacts-followup/llr40Matrix/v2/followup/parts/fparens/argmax_with_index.default.csv
SRUN[FPARENS argmax_with_index]: srun --nodes=1 --ntasks=1 -w nid006367 --exclusive --cpu-bind=cores --hint=nomultithread --time=40 env LLR40_BENCH=/capstor/scratch/cscs/lhulsbergen/HPCAgent-Bench-v2-fu-noparens /capstor/scratch/cscs/lhulsbergen/venv_llr40v2/bin/python sweep_followup.py --kernels argmax_with_index --preset M --warmup 5 --reps 30 --out parts/fparens/argmax_with_index.noparens.csv --scratch scratch/fparens/argmax_with_index.noparens --attempts-out parts/fparens/argmax_with_index.noparens.attempts.csv --attempt-logs logs/attempts --reprs fortran --variant fno-protect-parens --flags-variant=-fno-protect-parens --perf --emitted-dir emitted_sources/fparens
[1/1] argmax_with_index
    fortran      ok           median 78.510 ms 

wrote 1 rows -> /capstor/scratch/cscs/lhulsbergen/bachelorThesisArtifacts-followup/llr40Matrix/v2/followup/parts/fparens/argmax_with_index.noparens.csv
SRUN[FPARENS argmax_with_index]: srun --nodes=1 --ntasks=1 -w nid006367 --exclusive --cpu-bind=cores --hint=nomultithread --time=40 env LLR40_BENCH=/capstor/scratch/cscs/lhulsbergen/HPCAgent-Bench-v2-fu numactl --cpunodebind=0 --membind=0 /capstor/scratch/cscs/lhulsbergen/venv_llr40v2/bin/python opt_reports_followup.py --out-dir opt_reports/fparens/default --index parts/fparens/default/optrep.argmax_with_index.base.csv --variant  argmax_with_index:fortran:fortran:emitted_sources/fparens/argmax_with_index/argmax_with_index_fp64.f90
argmax_with_index            fortran      ok
Traceback (most recent call last):
  File "/capstor/scratch/cscs/lhulsbergen/bachelorThesisArtifacts-followup/llr40Matrix/v2/followup/opt_reports_followup.py", line 176, in <module>
    main()
  File "/capstor/scratch/cscs/lhulsbergen/bachelorThesisArtifacts-followup/llr40Matrix/v2/followup/opt_reports_followup.py", line 166, in main
    with open(idx, "w", newline="") as fh:
         ^^^^^^^^^^^^^^^^^^^^^^^^^^
FileNotFoundError: [Errno 2] No such file or directory: 'parts/fparens/default/optrep.argmax_with_index.base.csv'
srun: error: nid006367: task 0: Exited with exit code 1
srun: Terminating StepId=4990019.37
SRUN[FPARENS argmax_with_index]: srun --nodes=1 --ntasks=1 -w nid006367 --exclusive --cpu-bind=cores --hint=nomultithread --time=40 env LLR40_BENCH=/capstor/scratch/cscs/lhulsbergen/HPCAgent-Bench-v2-fu-noparens numactl --cpunodebind=0 --membind=0 /capstor/scratch/cscs/lhulsbergen/venv_llr40v2/bin/python opt_reports_followup.py --out-dir opt_reports/fparens/noparens --index parts/fparens/noparens/optrep.argmax_with_index.fno-protect-parens.csv --variant fno-protect-parens argmax_with_index:fortran:fortran:emitted_sources/fparens/argmax_with_index/argmax_with_index_fp64.f90
argmax_with_index            fortran      ok
Traceback (most recent call last):
  File "/capstor/scratch/cscs/lhulsbergen/bachelorThesisArtifacts-followup/llr40Matrix/v2/followup/opt_reports_followup.py", line 176, in <module>
    main()
  File "/capstor/scratch/cscs/lhulsbergen/bachelorThesisArtifacts-followup/llr40Matrix/v2/followup/opt_reports_followup.py", line 166, in main
    with open(idx, "w", newline="") as fh:
         ^^^^^^^^^^^^^^^^^^^^^^^^^^
FileNotFoundError: [Errno 2] No such file or directory: 'parts/fparens/noparens/optrep.argmax_with_index.fno-protect-parens.csv'
srun: error: nid006367: task 0: Exited with exit code 1
srun: Terminating StepId=4990019.38
unit FPARENS argmax_with_index node=nid006367 end=2026-10-06T13:26:14+02:00
