$ numactl --cpunodebind=0 --membind=0 /capstor/scratch/cscs/lhulsbergen/venv_llr40v2/bin/python -m hpcagent_bench.cli run --benchmark warpx_field_gather --framework numba --precision fp64 --preset M --mode single_core --repeat 30 --validate --output /capstor/scratch/cscs/lhulsbergen/bachelorThesisArtifacts-extracted/extractedMatrix/scratch/warpx_field_gather/warpx_field_gather.numba.268417.jsonl
[exit 0]
--- stdout
***** Testing Numba with warpx_field_gather on the M dataset, datatype float64 *****
Failed to execute the Numba - nopython-mode-parallel implementation.
agentbench: wrote 1 rows to /capstor/scratch/cscs/lhulsbergen/bachelorThesisArtifacts-extracted/extractedMatrix/scratch/warpx_field_gather/warpx_field_gather.numba.268417.jsonl

--- stderr
njit reference for warpx_field_gather failed to compile on call (Failed in nopython mode pipeline (step: nopython frontend)); using the interpreter
Traceback (most recent call last):
  File "/capstor/scratch/cscs/lhulsbergen/HPCAgent-Bench-ext/hpcagent_bench/frameworks/test.py", line 364, in _execute
    plan.run()
  File "/capstor/scratch/cscs/lhulsbergen/HPCAgent-Bench-ext/hpcagent_bench/frameworks/framework.py", line 270, in run
    self.result = self.f.post_call(self.impl(*args, **kwargs))
                                   ^^^^^^^^^^^^^^^^^^^^^^^^^^
  File "/capstor/scratch/cscs/lhulsbergen/venv_llr40v2/lib/python3.12/site-packages/numba/core/dispatcher.py", line 422, in _compile_for_args
    error_rewrite(e, 'typing')
  File "/capstor/scratch/cscs/lhulsbergen/venv_llr40v2/lib/python3.12/site-packages/numba/core/dispatcher.py", line 363, in error_rewrite
    raise e.with_traceback(None)
numba.core.errors.TypingError: Failed in nopython mode pipeline (step: nopython frontend)
Failed in nopython mode pipeline (step: nopython frontend)
Failed in nopython mode pipeline (step: native parfor lowering)
Failed in full_parfor_gufunc mode pipeline (step: nopython frontend)
No implementation of function Function(<built-in function getitem>) found for signature:
 
 >>> getitem(array(float64, 2d, C), UniTuple(uint64 x 3))
 
There are 22 candidate implementations:
 - Of which 20 did not match due to:
 Overload of function 'getitem': File: <numerous>: Line N/A.
   With argument(s): '(array(float64, 2d, C), UniTuple(uint64 x 3))':
  No match.
 - Of which 2 did not match due to:
 Overload in function 'GetItemBuffer.generic': File: numba/core/typing/arraydecl.py: Line 196.
   With argument(s): '(array(float64, 2d, C), UniTuple(uint64 x 3))':
  Rejected as the implementation raised a specific error:
    NumbaTypeError: cannot index array(float64, 2d, C) with 3 indices: UniTuple(uint64 x 3)
  raised from /capstor/scratch/cscs/lhulsbergen/venv_llr40v2/lib/python3.12/site-packages/numba/core/typing/arraydecl.py:118

During: typing of intrinsic-call at /capstor/scratch/cscs/lhulsbergen/HPCAgent-Bench-ext/hpcagent_bench/benchmarks/scientific_computing/n_body_methods/field_gather/warpx_field_gather_numba_np.py (493)

File "hpcagent_bench/benchmarks/scientific_computing/n_body_methods/field_gather/warpx_field_gather_numba_np.py", line 493:
def _tap3(vol, sf_x, idx_x, sf_y, idx_y, sf_z, idx_z, ntx, nty, ntz, n):
    <source elided>
    for __ob0_i in range(sf_x.shape[0]):
        weight[__ob0_i] = sf_x[__ob0_i] * sf_y[:, None] * sf_z
        ^

During: Pass nopython_type_inference
During: lowering "id=61[LoopNest(index_variable = parfor_index.2484, range = (0, $1234binary_subscr.12_size0.2412, 1)), LoopNest(index_variable = parfor_index.2485, range = (0, sf_z_size0.2330, 1)), LoopNest(index_variable = parfor_index.2486, range = (0, sf_z_size1.2331, 1))]{4027: <ir.Block at /capstor/scratch/cscs/lhulsbergen/HPCAgent-Bench-ext/hpcagent_bench/benchmarks/scientific_computing/n_body_methods/field_gather/warpx_field_gather_numba_np.py (493)>}Var($parfor_index_tuple_var.2492, warpx_field_gather_numba_np.py:493)" at /capstor/scratch/cscs/lhulsbergen/HPCAgent-Bench-ext/hpcagent_bench/benchmarks/scientific_computing/n_body_methods/field_gather/warpx_field_gather_numba_np.py (493)
During: Pass native_parfor_lowering
During: resolving callee type: type(CPUDispatcher(<function _tap3 at 0x40002efa8cc0>))
During: typing of call at /capstor/scratch/cscs/lhulsbergen/HPCAgent-Bench-ext/hpcagent_bench/benchmarks/scientific_computing/n_body_methods/field_gather/warpx_field_gather_numba_np.py (373)
During: typing of call at /capstor/scratch/cscs/lhulsbergen/HPCAgent-Bench-ext/hpcagent_bench/benchmarks/scientific_computing/n_body_methods/field_gather/warpx_field_gather_numba_np.py (374)
During: typing of call at /capstor/scratch/cscs/lhulsbergen/HPCAgent-Bench-ext/hpcagent_bench/benchmarks/scientific_computing/n_body_methods/field_gather/warpx_field_gather_numba_np.py (375)
During: typing of call at /capstor/scratch/cscs/lhulsbergen/HPCAgent-Bench-ext/hpcagent_bench/benchmarks/scientific_computing/n_body_methods/field_gather/warpx_field_gather_numba_np.py (376)
During: typing of call at /capstor/scratch/cscs/lhulsbergen/HPCAgent-Bench-ext/hpcagent_bench/benchmarks/scientific_computing/n_body_methods/field_gather/warpx_field_gather_numba_np.py (377)
During: typing of call at /capstor/scratch/cscs/lhulsbergen/HPCAgent-Bench-ext/hpcagent_bench/benchmarks/scientific_computing/n_body_methods/field_gather/warpx_field_gather_numba_np.py (378)

File "hpcagent_bench/benchmarks/scientific_computing/n_body_methods/field_gather/warpx_field_gather_numba_np.py", line 373:
def _gather_shape_n(xp, yp, zp, Exp, Eyp, Ezp, Bxp, Byp, Bzp, ex_arr, ey_arr, ez_arr, bx_arr, by_arr, bz_arr, ex_type, ey_type, ez_type, bx_type, by_type, bz_type, dinv, xyzmin, lo, n_rz_azimuthal_modes, depos_order, galerkin_interpolation, geom, n):
    <source elided>
    else:
        Exp += _tap3(ex_arr[:, :, :, 0], sx_ex, lox + j_ex, sy_ex, loy + k_ex, sz_ex, loz + l_ex, n_sx_ex, n_sy_ex, n_sz_ex, n)
        ^

During: Pass nopython_type_inference
During: resolving callee type: type(CPUDispatcher(<function _gather_shape_n at 0x40002f13d800>))
During: typing of call at /capstor/scratch/cscs/lhulsbergen/HPCAgent-Bench-ext/hpcagent_bench/benchmarks/scientific_computing/n_body_methods/field_gather/warpx_field_gather_numba_np.py (391)

File "hpcagent_bench/benchmarks/scientific_computing/n_body_methods/field_gather/warpx_field_gather_numba_np.py", line 391:
def warpx_field_gather(Bxp, Byp, Bzp, Exp, Eyp, Ezp, bx_arr, bx_type, by_arr, by_type, bz_arr, bz_type, dinv, ex_arr, ex_type, ey_arr, ey_type, ez_arr, ez_type, lo, xp, xyzmin, yp, zp, depos_order, galerkin_interpolation, geom, n_rz_azimuthal_modes, np_particles):
    <source elided>
    nmodes = int(n_rz_azimuthal_modes)
    _gather_shape_n(xp, yp, zp, Exp, Eyp, Ezp, Bxp, Byp, Bzp, ex_arr, ey_arr, ez_arr, bx_arr, by_arr, bz_arr, ex_type, ey_type, ez_type, bx_type, by_type, bz_type, dinv, xyzmin, lo, nmodes, o, gal, g, np_particles)
    ^

During: Pass nopython_type_inference
