stage=retry job=4992725 nodes=nid[005610,005643,005645,005653,005656,005819,005824,005829,005849,005860,005878] bench=5cfcb4f2fcc5a79f4c9b27e516a2682b304c85bc dace=2.0.0a10
TIME {"kernel": "segment_reduce_ragged", "pipeline": "cpp", "codegen": "", "column": "cpp", "preset": "M", "warmup": 5, "reps": 30, "node": "nid005878", "cpus": 1, "omp_num_threads": "1", "slurm_job": "4992725", "timestamp": "2026-10-06T22:06:36+0200", "status": "ok", "wall_s": 26.1}
TIME {"kernel": "quasi_affine_reduce_odd", "pipeline": "cpp", "codegen": "", "column": "cpp", "preset": "M", "warmup": 5, "reps": 30, "node": "nid005829", "cpus": 1, "omp_num_threads": "1", "slurm_job": "4992725", "timestamp": "2026-10-06T22:06:36+0200", "status": "ok", "wall_s": 28.0}
TIME {"kernel": "argmax_with_index", "pipeline": "cpp", "codegen": "", "column": "cpp", "preset": "M", "warmup": 5, "reps": 30, "node": "nid005610", "cpus": 1, "omp_num_threads": "1", "slurm_job": "4992725", "timestamp": "2026-10-06T22:06:36+0200", "status": "ok", "wall_s": 28.7}
TIME {"kernel": "ext_break_capture", "pipeline": "cpp", "codegen": "", "column": "cpp", "preset": "M", "warmup": 5, "reps": 30, "node": "nid005645", "cpus": 1, "omp_num_threads": "1", "slurm_job": "4992725", "timestamp": "2026-10-06T22:06:36+0200", "status": "ok", "wall_s": 29.5}
TIME {"kernel": "ext_war_unit", "pipeline": "cpp", "codegen": "", "column": "cpp", "preset": "M", "warmup": 5, "reps": 30, "node": "nid005653", "cpus": 1, "omp_num_threads": "1", "slurm_job": "4992725", "timestamp": "2026-10-06T22:06:36+0200", "status": "ok", "wall_s": 31.6}
TIME {"kernel": "fuse_diamond", "pipeline": "cpp", "codegen": "", "column": "cpp", "preset": "M", "warmup": 5, "reps": 30, "node": "nid005656", "cpus": 1, "omp_num_threads": "1", "slurm_job": "4992725", "timestamp": "2026-10-06T22:06:36+0200", "status": "ok", "wall_s": 32.4}
TIME {"kernel": "fuse_stencil_through_transient", "pipeline": "cpp", "codegen": "", "column": "cpp", "preset": "M", "warmup": 5, "reps": 30, "node": "nid005824", "cpus": 1, "omp_num_threads": "1", "slurm_job": "4992725", "timestamp": "2026-10-06T22:06:36+0200", "status": "ok", "wall_s": 33.1}
TIME {"kernel": "scan_affine_decay", "pipeline": "cpp", "codegen": "", "column": "cpp", "preset": "M", "warmup": 5, "reps": 30, "node": "nid005849", "cpus": 1, "omp_num_threads": "1", "slurm_job": "4992725", "timestamp": "2026-10-06T22:06:36+0200", "status": "ok", "wall_s": 33.9}
TIME {"kernel": "fuse_move_ifs", "pipeline": "cpp", "codegen": "", "column": "cpp", "preset": "M", "warmup": 5, "reps": 30, "node": "nid005819", "cpus": 1, "omp_num_threads": "1", "slurm_job": "4992725", "timestamp": "2026-10-06T22:06:36+0200", "status": "ok", "wall_s": 36.4}
TIME {"kernel": "compact_threshold_pack", "pipeline": "cpp", "codegen": "", "column": "cpp", "preset": "M", "warmup": 5, "reps": 30, "node": "nid005643", "cpus": 1, "omp_num_threads": "1", "slurm_job": "4992725", "timestamp": "2026-10-06T22:06:36+0200", "status": "ok", "wall_s": 36.9}
TIME {"kernel": "scatter_accum_dup", "pipeline": "cpp", "codegen": "", "column": "cpp", "preset": "M", "warmup": 5, "reps": 30, "node": "nid005860", "cpus": 1, "omp_num_threads": "1", "slurm_job": "4992725", "timestamp": "2026-10-06T22:06:36+0200", "status": "ok", "wall_s": 39.5}
TIME {"kernel": "tsvc_2_s115", "pipeline": "cpp", "codegen": "", "column": "cpp", "preset": "M", "warmup": 5, "reps": 30, "node": "nid005610", "cpus": 1, "omp_num_threads": "1", "slurm_job": "4992725", "timestamp": "2026-10-06T22:07:06+0200", "status": "ok", "wall_s": 14.9}
TIME {"kernel": "tsvc_2_s252", "pipeline": "cpp", "codegen": "", "column": "cpp", "preset": "M", "warmup": 5, "reps": 30, "node": "nid005878", "cpus": 1, "omp_num_threads": "1", "slurm_job": "4992725", "timestamp": "2026-10-06T22:07:04+0200", "status": "ok", "wall_s": 18.1}
TIME {"kernel": "tsvc_2_s1232", "pipeline": "cpp", "codegen": "", "column": "cpp", "preset": "M", "warmup": 5, "reps": 30, "node": "nid005645", "cpus": 1, "omp_num_threads": "1", "slurm_job": "4992725", "timestamp": "2026-10-06T22:07:07+0200", "status": "ok", "wall_s": 16.7}
TIME {"kernel": "tsvc_2_s1244", "pipeline": "cpp", "codegen": "", "column": "cpp", "preset": "M", "warmup": 5, "reps": 30, "node": "nid005653", "cpus": 1, "omp_num_threads": "1", "slurm_job": "4992725", "timestamp": "2026-10-06T22:07:10+0200", "status": "ok", "wall_s": 15.6}
TIME {"kernel": "tsvc_2_s152", "pipeline": "cpp", "codegen": "", "column": "cpp", "preset": "M", "warmup": 5, "reps": 30, "node": "nid005656", "cpus": 1, "omp_num_threads": "1", "slurm_job": "4992725", "timestamp": "2026-10-06T22:07:10+0200", "status": "ok", "wall_s": 14.9}
TIME {"kernel": "tsvc_2_s119", "pipeline": "cpp", "codegen": "", "column": "cpp", "preset": "M", "warmup": 5, "reps": 30, "node": "nid005643", "cpus": 1, "omp_num_threads": "1", "slurm_job": "4992725", "timestamp": "2026-10-06T22:07:15+0200", "status": "ok", "wall_s": 17.0}
TIME {"kernel": "tsvc_2_s318", "pipeline": "cpp", "codegen": "", "column": "cpp", "preset": "M", "warmup": 5, "reps": 30, "node": "nid005878", "cpus": 1, "omp_num_threads": "1", "slurm_job": "4992725", "timestamp": "2026-10-06T22:07:23+0200", "status": "ok", "wall_s": 13.1}
TIME {"kernel": "tsvc_2_s3110", "pipeline": "cpp", "codegen": "", "column": "cpp", "preset": "M", "warmup": 5, "reps": 30, "node": "nid005656", "cpus": 1, "omp_num_threads": "1", "slurm_job": "4992725", "timestamp": "2026-10-06T22:07:26+0200", "status": "ok", "wall_s": 16.3}
TIME {"kernel": "tsvc_2_s2233", "pipeline": "cpp", "codegen": "", "column": "cpp", "preset": "M", "warmup": 5, "reps": 30, "node": "nid005819", "cpus": 1, "omp_num_threads": "1", "slurm_job": "4992725", "timestamp": "2026-10-06T22:07:14+0200", "status": "ok", "wall_s": 29.5}
TIME {"kernel": "tsvc_2_s255", "pipeline": "cpp", "codegen": "", "column": "cpp", "preset": "M", "warmup": 5, "reps": 30, "node": "nid005610", "cpus": 1, "omp_num_threads": "1", "slurm_job": "4992725", "timestamp": "2026-10-06T22:07:23+0200", "status": "ok", "wall_s": 20.7}
TIME {"kernel": "tsvc_2_s311", "pipeline": "cpp", "codegen": "", "column": "cpp", "preset": "M", "warmup": 5, "reps": 30, "node": "nid005653", "cpus": 1, "omp_num_threads": "1", "slurm_job": "4992725", "timestamp": "2026-10-06T22:07:27+0200", "status": "ok", "wall_s": 19.8}
TIME {"kernel": "tsvc_2_s231", "pipeline": "cpp", "codegen": "", "column": "cpp", "preset": "M", "warmup": 5, "reps": 30, "node": "nid005829", "cpus": 1, "omp_num_threads": "1", "slurm_job": "4992725", "timestamp": "2026-10-06T22:07:06+0200", "status": "ok", "wall_s": 45.2}
TIME {"kernel": "tsvc_2_s233", "pipeline": "cpp", "codegen": "", "column": "cpp", "preset": "M", "warmup": 5, "reps": 30, "node": "nid005849", "cpus": 1, "omp_num_threads": "1", "slurm_job": "4992725", "timestamp": "2026-10-06T22:07:12+0200", "status": "ok", "wall_s": 40.2}
TIME {"kernel": "tsvc_2_s2275", "pipeline": "cpp", "codegen": "", "column": "cpp", "preset": "M", "warmup": 5, "reps": 30, "node": "nid005824", "cpus": 1, "omp_num_threads": "1", "slurm_job": "4992725", "timestamp": "2026-10-06T22:07:11+0200", "status": "ok", "wall_s": 43.8}
TIME {"kernel": "tsvc_2_s2710", "pipeline": "cpp", "codegen": "", "column": "cpp", "preset": "M", "warmup": 5, "reps": 30, "node": "nid005643", "cpus": 1, "omp_num_threads": "1", "slurm_job": "4992725", "timestamp": "2026-10-06T22:07:33+0200", "status": "ok", "wall_s": 24.0}
TIME {"kernel": "tsvc_2_s275", "pipeline": "cpp", "codegen": "", "column": "cpp", "preset": "M", "warmup": 5, "reps": 30, "node": "nid005645", "cpus": 1, "omp_num_threads": "1", "slurm_job": "4992725", "timestamp": "2026-10-06T22:07:26+0200", "status": "ok", "wall_s": 31.3}
TIME {"kernel": "tsvc_2_s235", "pipeline": "cpp", "codegen": "", "column": "cpp", "preset": "M", "warmup": 5, "reps": 30, "node": "nid005860", "cpus": 1, "omp_num_threads": "1", "slurm_job": "4992725", "timestamp": "2026-10-06T22:07:17+0200", "status": "ok", "wall_s": 40.6}
TIME {"kernel": "tsvc_2_s3111", "pipeline": "cpp", "codegen": "", "column": "cpp", "preset": "M", "warmup": 5, "reps": 30, "node": "nid005819", "cpus": 1, "omp_num_threads": "1", "slurm_job": "4992725", "timestamp": "2026-10-06T22:07:45+0200", "status": "ok", "wall_s": 14.8}
TIME {"kernel": "tsvc_2_s319", "pipeline": "cpp", "codegen": "", "column": "cpp", "preset": "M", "warmup": 5, "reps": 30, "node": "nid005610", "cpus": 1, "omp_num_threads": "1", "slurm_job": "4992725", "timestamp": "2026-10-06T22:07:45+0200", "status": "ok", "wall_s": 19.7}
TIME {"kernel": "tsvc_2_s314", "pipeline": "cpp", "codegen": "", "column": "cpp", "preset": "M", "warmup": 5, "reps": 30, "node": "nid005849", "cpus": 1, "omp_num_threads": "1", "slurm_job": "4992725", "timestamp": "2026-10-06T22:07:53+0200", "status": "ok", "wall_s": 12.8}
TIME {"kernel": "tsvc_2_s313", "pipeline": "cpp", "codegen": "", "column": "cpp", "preset": "M", "warmup": 5, "reps": 30, "node": "nid005829", "cpus": 1, "omp_num_threads": "1", "slurm_job": "4992725", "timestamp": "2026-10-06T22:07:52+0200", "status": "ok", "wall_s": 14.7}
TIME {"kernel": "tsvc_2_s453", "pipeline": "cpp", "codegen": "", "column": "cpp", "preset": "M", "warmup": 5, "reps": 30, "node": "nid005653", "cpus": 1, "omp_num_threads": "1", "slurm_job": "4992725", "timestamp": "2026-10-06T22:07:48+0200", "status": "ok", "wall_s": 20.4}
TIME {"kernel": "tsvc_2_s316", "pipeline": "cpp", "codegen": "", "column": "cpp", "preset": "M", "warmup": 5, "reps": 30, "node": "nid005860", "cpus": 1, "omp_num_threads": "1", "slurm_job": "4992725", "timestamp": "2026-10-06T22:07:59+0200", "status": "ok", "wall_s": 12.5}
TIME {"kernel": "tsvc_2_vag", "pipeline": "cpp", "codegen": "", "column": "cpp", "preset": "M", "warmup": 5, "reps": 30, "node": "nid005656", "cpus": 1, "omp_num_threads": "1", "slurm_job": "4992725", "timestamp": "2026-10-06T22:07:44+0200", "status": "ok", "wall_s": 27.6}
TIME {"kernel": "tsvc_2_s3112", "pipeline": "cpp", "codegen": "", "column": "cpp", "preset": "M", "warmup": 5, "reps": 30, "node": "nid005824", "cpus": 1, "omp_num_threads": "1", "slurm_job": "4992725", "timestamp": "2026-10-06T22:07:56+0200", "status": "ok", "wall_s": 19.4}
TIME {"kernel": "tsvc_2_s323", "pipeline": "cpp", "codegen": "", "column": "cpp", "preset": "M", "warmup": 5, "reps": 30, "node": "nid005643", "cpus": 1, "omp_num_threads": "1", "slurm_job": "4992725", "timestamp": "2026-10-06T22:07:58+0200", "status": "ok", "wall_s": 18.2}
TIME {"kernel": "tsvc_2_vdotr", "pipeline": "cpp", "codegen": "", "column": "cpp", "preset": "M", "warmup": 5, "reps": 30, "node": "nid005819", "cpus": 1, "omp_num_threads": "1", "slurm_job": "4992725", "timestamp": "2026-10-06T22:08:01+0200", "status": "ok", "wall_s": 17.9}
TIME {"kernel": "wf_triangular", "pipeline": "cpp", "codegen": "", "column": "cpp", "preset": "M", "warmup": 5, "reps": 30, "node": "nid005878", "cpus": 1, "omp_num_threads": "1", "slurm_job": "4992725", "timestamp": "2026-10-06T22:07:38+0200", "status": "ok", "wall_s": 45.2}
TIME {"kernel": "tsvc_2_vtvtv", "pipeline": "cpp", "codegen": "", "column": "cpp", "preset": "M", "warmup": 5, "reps": 30, "node": "nid005829", "cpus": 1, "omp_num_threads": "1", "slurm_job": "4992725", "timestamp": "2026-10-06T22:08:08+0200", "status": "ok", "wall_s": 18.6}
TIME {"kernel": "tsvc_2_s4112", "pipeline": "cpp", "codegen": "", "column": "cpp", "preset": "M", "warmup": 5, "reps": 30, "node": "nid005645", "cpus": 1, "omp_num_threads": "1", "slurm_job": "4992725", "timestamp": "2026-10-06T22:07:58+0200", "status": "ok", "wall_s": 29.4}
TIME {"kernel": "wf_diff_skew", "pipeline": "cpp", "codegen": "", "column": "cpp", "preset": "M", "warmup": 5, "reps": 30, "node": "nid005860", "cpus": 1, "omp_num_threads": "1", "slurm_job": "4992725", "timestamp": "2026-10-06T22:08:13+0200", "status": "ok", "wall_s": 15.3}
TIME {"kernel": "versioned_distance_update", "pipeline": "cpp", "codegen": "", "column": "cpp", "preset": "M", "warmup": 5, "reps": 30, "node": "nid005849", "cpus": 1, "omp_num_threads": "1", "slurm_job": "4992725", "timestamp": "2026-10-06T22:08:08+0200", "status": "ok", "wall_s": 25.6}
TIME {"kernel": "tsvc_2_vpvts", "pipeline": "cpp", "codegen": "", "column": "cpp", "preset": "M", "warmup": 5, "reps": 30, "node": "nid005824", "cpus": 1, "omp_num_threads": "1", "slurm_job": "4992725", "timestamp": "2026-10-06T22:08:16+0200", "status": "ok", "wall_s": 19.9}
done 2026-10-06T22:08:37+02:00
