job=4969572 nodes=nid006544 nid006548 nid006551 nid006553 nid006555 nid006557 nid006558 nid006559 nid006560 nid006561 start=2026-10-02T16:30:45+02:00 progress=0 todo=54
PROBE nid006544 1 1
PROBE nid006548 1 1
PROBE nid006551 1 1
PROBE nid006553 1 1
PROBE nid006555 1 1
PROBE nid006557 1 1
PROBE nid006558 1 1
PROBE nid006559 1 1
PROBE nid006560 1 1
PROBE nid006561 1 1
2026-10-02T16:30:52+02:00 nid006544 START MAIN tsvc_2_s115 (budget 28 min)
2026-10-02T16:30:52+02:00 nid006548 START MAIN wf_triangular (budget 28 min)
2026-10-02T16:30:52+02:00 nid006555 START MAIN fuse_diamond (budget 28 min)
2026-10-02T16:30:52+02:00 nid006551 START MAIN tsvc_2_s235 (budget 28 min)
2026-10-02T16:30:52+02:00 nid006553 START MAIN tsvc_2_s3110 (budget 28 min)
2026-10-02T16:30:52+02:00 nid006557 START MAIN fuse_stencil_through_transient (budget 28 min)
2026-10-02T16:30:52+02:00 nid006558 START MAIN tsvc_2_s311 (budget 28 min)
2026-10-02T16:30:52+02:00 nid006559 START MAIN tsvc_2_s319 (budget 28 min)
2026-10-02T16:30:52+02:00 nid006561 START MAIN tsvc_2_s231 (budget 28 min)
2026-10-02T16:30:52+02:00 nid006560 START MAIN tsvc_2_s233 (budget 28 min)
2026-10-02T16:33:03+02:00 nid006555 END   MAIN fuse_diamond rc=0
2026-10-02T16:33:03+02:00 nid006555 START MAIN tsvc_2_s318 (budget 26 min)
2026-10-02T16:33:11+02:00 nid006557 END   MAIN fuse_stencil_through_transient rc=0
2026-10-02T16:33:11+02:00 nid006557 START MAIN tsvc_2_s2275 (budget 26 min)
2026-10-02T16:33:30+02:00 nid006553 END   MAIN tsvc_2_s3110 rc=0
2026-10-02T16:33:30+02:00 nid006553 START MAIN tsvc_2_s275 (budget 26 min)
2026-10-02T16:33:36+02:00 nid006559 END   MAIN tsvc_2_s319 rc=0
2026-10-02T16:33:36+02:00 nid006559 START MAIN tsvc_2_s2710 (budget 26 min)
2026-10-02T16:34:26+02:00 nid006558 END   MAIN tsvc_2_s311 rc=0
2026-10-02T16:34:26+02:00 nid006558 START MAIN tsvc_2_s255 (budget 25 min)
2026-10-02T16:34:29+02:00 nid006548 END   MAIN wf_triangular rc=0
2026-10-02T16:34:29+02:00 nid006548 START MAIN tsvc_2_s1244 (budget 25 min)
2026-10-02T16:34:40+02:00 nid006555 END   MAIN tsvc_2_s318 rc=0
2026-10-02T16:34:40+02:00 nid006555 START MAIN tsvc_2_s3111 (budget 25 min)
2026-10-02T16:34:43+02:00 nid006544 END   MAIN tsvc_2_s115 rc=0
2026-10-02T16:34:43+02:00 nid006544 START MAIN tsvc_2_s4112 (budget 24 min)
2026-10-02T16:34:59+02:00 nid006560 END   MAIN tsvc_2_s233 rc=0
2026-10-02T16:34:59+02:00 nid006560 START MAIN tsvc_2_s119 (budget 24 min)
2026-10-02T16:35:10+02:00 nid006551 END   MAIN tsvc_2_s235 rc=0
2026-10-02T16:35:10+02:00 nid006551 START MAIN tsvc_2_s323 (budget 24 min)
2026-10-02T16:35:14+02:00 nid006561 END   MAIN tsvc_2_s231 rc=0
2026-10-02T16:35:14+02:00 nid006561 START MAIN scatter_accum_dup (budget 24 min)
2026-10-02T16:36:04+02:00 nid006548 END   MAIN tsvc_2_s1244 rc=0
2026-10-02T16:36:04+02:00 nid006548 START MAIN tsvc_2_vpvts (budget 23 min)
2026-10-02T16:36:14+02:00 nid006559 END   MAIN tsvc_2_s2710 rc=0
2026-10-02T16:36:14+02:00 nid006559 START MAIN tsvc_2_vag (budget 23 min)
2026-10-02T16:36:24+02:00 nid006558 END   MAIN tsvc_2_s255 rc=0
2026-10-02T16:36:24+02:00 nid006558 START MAIN tsvc_2_s2233 (budget 23 min)
2026-10-02T16:36:38+02:00 nid006560 END   MAIN tsvc_2_s119 rc=0
2026-10-02T16:36:38+02:00 nid006560 START MAIN tsvc_2_vtvtv (budget 23 min)
2026-10-02T16:36:41+02:00 nid006555 END   MAIN tsvc_2_s3111 rc=0
2026-10-02T16:36:41+02:00 nid006555 START MAIN versioned_distance_update (budget 23 min)
2026-10-02T16:37:14+02:00 nid006551 END   MAIN tsvc_2_s323 rc=0
2026-10-02T16:37:14+02:00 nid006551 START MAIN fuse_move_ifs (budget 22 min)
2026-10-02T16:37:19+02:00 nid006557 END   MAIN tsvc_2_s2275 rc=0
2026-10-02T16:37:19+02:00 nid006557 START MAIN argmax_with_index (budget 22 min)
2026-10-02T16:37:38+02:00 nid006544 END   MAIN tsvc_2_s4112 rc=0
2026-10-02T16:37:38+02:00 nid006544 START MAIN tsvc_2_s252 (budget 22 min)
2026-10-02T16:37:53+02:00 nid006561 END   MAIN scatter_accum_dup rc=0
2026-10-02T16:37:53+02:00 nid006561 START MAIN scan_affine_decay (budget 21 min)
2026-10-02T16:38:09+02:00 nid006548 END   MAIN tsvc_2_vpvts rc=0
2026-10-02T16:38:09+02:00 nid006548 START MAIN compact_threshold_pack (budget 21 min)
2026-10-02T16:38:14+02:00 nid006553 END   MAIN tsvc_2_s275 rc=0
2026-10-02T16:38:14+02:00 nid006553 START MAIN tsvc_2_s3112 (budget 21 min)
2026-10-02T16:38:40+02:00 nid006560 END   MAIN tsvc_2_vtvtv rc=0
2026-10-02T16:38:40+02:00 nid006560 START MAIN ext_war_unit (budget 21 min)
2026-10-02T16:38:51+02:00 nid006557 END   MAIN argmax_with_index rc=0
2026-10-02T16:38:51+02:00 nid006558 END   MAIN tsvc_2_s2233 rc=0
2026-10-02T16:38:51+02:00 nid006557 START MAIN ext_break_capture (budget 20 min)
2026-10-02T16:38:51+02:00 nid006558 START MAIN tsvc_2_s316 (budget 20 min)
2026-10-02T16:38:57+02:00 nid006555 END   MAIN versioned_distance_update rc=0
2026-10-02T16:38:57+02:00 nid006555 START MAIN tsvc_2_s152 (budget 20 min)
2026-10-02T16:39:12+02:00 nid006559 END   MAIN tsvc_2_vag rc=0
2026-10-02T16:39:12+02:00 nid006559 START MAIN quasi_affine_reduce_odd (budget 20 min)
2026-10-02T16:39:18+02:00 nid006551 END   MAIN fuse_move_ifs rc=0
2026-10-02T16:39:18+02:00 nid006551 START MAIN segment_reduce_ragged (budget 20 min)
2026-10-02T16:39:38+02:00 nid006561 END   MAIN scan_affine_decay rc=0
2026-10-02T16:39:38+02:00 nid006561 START MAIN tsvc_2_s1232 (budget 20 min)
2026-10-02T16:39:38+02:00 nid006544 END   MAIN tsvc_2_s252 rc=0
2026-10-02T16:39:38+02:00 nid006544 START MAIN wf_diff_skew (budget 20 min)
2026-10-02T16:39:59+02:00 nid006548 END   MAIN compact_threshold_pack rc=0
2026-10-02T16:39:59+02:00 nid006548 START F tsvc_2_s115 (budget 19 min)
2026-10-02T16:40:06+02:00 nid006551 END   MAIN segment_reduce_ragged rc=0
2026-10-02T16:40:06+02:00 nid006551 START F wf_triangular (budget 19 min)
2026-10-02T16:40:12+02:00 nid006553 END   MAIN tsvc_2_s3112 rc=0
2026-10-02T16:40:12+02:00 nid006553 START F wf_diff_skew (budget 19 min)
2026-10-02T16:40:13+02:00 nid006560 END   MAIN ext_war_unit rc=0
2026-10-02T16:40:13+02:00 nid006560 START FPOFF tsvc_2_s115 (budget 19 min)
2026-10-02T16:40:20+02:00 nid006557 END   MAIN ext_break_capture rc=0
2026-10-02T16:40:20+02:00 nid006557 START AB argmax_with_index (budget 19 min)
2026-10-02T16:40:20+02:00 nid006559 END   MAIN quasi_affine_reduce_odd rc=0
2026-10-02T16:40:20+02:00 nid006559 START AB quasi_affine_reduce_odd (budget 19 min)
2026-10-02T16:40:23+02:00 nid006558 END   MAIN tsvc_2_s316 rc=0
2026-10-02T16:40:23+02:00 nid006558 START AB scan_affine_decay (budget 19 min)
2026-10-02T16:40:25+02:00 nid006548 END   F tsvc_2_s115 rc=0
2026-10-02T16:40:25+02:00 nid006548 START AB tsvc_2_s311 (budget 19 min)
2026-10-02T16:40:26+02:00 nid006555 END   MAIN tsvc_2_s152 rc=0
2026-10-02T16:40:26+02:00 nid006555 START AB tsvc_2_s3110 (budget 19 min)
2026-10-02T16:40:27+02:00 nid006551 END   F wf_triangular rc=0
2026-10-02T16:40:27+02:00 nid006551 START AB tsvc_2_s3111 (budget 19 min)
2026-10-02T16:40:38+02:00 nid006553 END   F wf_diff_skew rc=0
2026-10-02T16:40:38+02:00 nid006553 START AB tsvc_2_s3112 (budget 19 min)
2026-10-02T16:40:58+02:00 nid006559 END   AB quasi_affine_reduce_odd rc=0
2026-10-02T16:40:58+02:00 nid006559 START AB tsvc_2_s316 (budget 18 min)
2026-10-02T16:41:03+02:00 nid006557 END   AB argmax_with_index rc=0
2026-10-02T16:41:03+02:00 nid006557 START AB tsvc_2_s318 (budget 18 min)
2026-10-02T16:41:09+02:00 nid006544 END   MAIN wf_diff_skew rc=0
2026-10-02T16:41:09+02:00 nid006544 START AB tsvc_2_s319 (budget 18 min)
2026-10-02T16:41:10+02:00 nid006555 END   AB tsvc_2_s3110 rc=0
2026-10-02T16:41:15+02:00 nid006558 END   AB scan_affine_decay rc=0
2026-10-02T16:41:28+02:00 nid006559 END   AB tsvc_2_s316 rc=0
2026-10-02T16:41:35+02:00 nid006553 END   AB tsvc_2_s3112 rc=0
2026-10-02T16:41:36+02:00 nid006557 END   AB tsvc_2_s318 rc=0
2026-10-02T16:41:41+02:00 nid006560 END   FPOFF tsvc_2_s115 rc=0
2026-10-02T16:41:42+02:00 nid006548 END   AB tsvc_2_s311 rc=0
2026-10-02T16:41:48+02:00 nid006551 END   AB tsvc_2_s3111 rc=0
2026-10-02T16:42:05+02:00 nid006544 END   AB tsvc_2_s319 rc=0
2026-10-02T16:42:20+02:00 nid006561 END   MAIN tsvc_2_s1232 rc=0
end=2026-10-02T16:42:22+02:00 progress=0->282 units_left=1
Submitted batch job 4969662
