merged 240 main rows from 40/40 kernels + 22 variant rows (preset=F, -ffp-contract=off) -> results.csv
merged 61 agent attempts -> agent_attempts.csv
SRUN[OPTREP -]: srun --nodes=1 --ntasks=1 -w nid006544 --exclusive --cpu-bind=cores --hint=nomultithread --time=28 env LLR40_BENCH=/capstor/scratch/cscs/lhulsbergen/HPCAgent-Bench-v2-aux numactl --cpunodebind=0 --membind=0 /capstor/scratch/cscs/lhulsbergen/venv_llr40v2/bin/python opt_reports.py
argmax_with_index                c            ok
argmax_with_index                cpp          ok
argmax_with_index                fortran      ok
argmax_with_index                numba        ok
argmax_with_index                c_reference  ok
argmax_with_index                agent        ok
compact_threshold_pack           c            ok
compact_threshold_pack           cpp          ok
compact_threshold_pack           fortran      ok
compact_threshold_pack           numba        ok
compact_threshold_pack           agent        ok
ext_break_capture                c            ok
ext_break_capture                cpp          ok
ext_break_capture                fortran      ok
ext_break_capture                numba        ok
ext_break_capture                c_reference  ok
ext_break_capture                agent        ok
ext_war_unit                     c            ok
ext_war_unit                     cpp          ok
ext_war_unit                     fortran      ok
ext_war_unit                     numba        ok
ext_war_unit                     c_reference  ok
ext_war_unit                     agent        ok
fuse_diamond                     c            ok
fuse_diamond                     cpp          ok
fuse_diamond                     fortran      ok
fuse_diamond                     numba        ok
fuse_diamond                     c_reference  ok
fuse_diamond                     agent        ok
fuse_move_ifs                    c            ok
fuse_move_ifs                    cpp          ok
fuse_move_ifs                    fortran      ok
fuse_move_ifs                    numba        ok
fuse_move_ifs                    c_reference  ok
fuse_move_ifs                    agent        ok
fuse_stencil_through_transient   c            ok
fuse_stencil_through_transient   cpp          ok
fuse_stencil_through_transient   fortran      ok
fuse_stencil_through_transient   numba        ok
fuse_stencil_through_transient   c_reference  ok
fuse_stencil_through_transient   agent        ok
quasi_affine_reduce_odd          c            ok
quasi_affine_reduce_odd          cpp          ok
quasi_affine_reduce_odd          fortran      ok
quasi_affine_reduce_odd          numba        ok
quasi_affine_reduce_odd          c_reference  ok
quasi_affine_reduce_odd          agent        ok
scan_affine_decay                c            ok
scan_affine_decay                cpp          ok
scan_affine_decay                fortran      ok
scan_affine_decay                numba        ok
scan_affine_decay                agent        ok
scatter_accum_dup                c            ok
scatter_accum_dup                cpp          ok
scatter_accum_dup                fortran      ok
scatter_accum_dup                numba        ok
scatter_accum_dup                agent        ok
segment_reduce_ragged            c            ok
segment_reduce_ragged            cpp          ok
segment_reduce_ragged            fortran      ok
segment_reduce_ragged            numba        ok
segment_reduce_ragged            agent        ok
tsvc_2_s115                      c            ok
tsvc_2_s115                      cpp          ok
tsvc_2_s115                      fortran      ok
tsvc_2_s115                      numba        ok
tsvc_2_s115                      c_reference  ok
tsvc_2_s115                      agent        ok
tsvc_2_s119                      c            ok
tsvc_2_s119                      cpp          ok
tsvc_2_s119                      fortran      ok
tsvc_2_s119                      numba        ok
tsvc_2_s119                      c_reference  ok
tsvc_2_s119                      agent        ok
tsvc_2_s1232                     c            ok
tsvc_2_s1232                     cpp          ok
tsvc_2_s1232                     fortran      ok
tsvc_2_s1232                     numba        ok
tsvc_2_s1232                     c_reference  ok
tsvc_2_s1232                     agent        ok
tsvc_2_s1244                     c            ok
tsvc_2_s1244                     cpp          ok
tsvc_2_s1244                     fortran      ok
tsvc_2_s1244                     numba        ok
tsvc_2_s1244                     c_reference  ok
tsvc_2_s1244                     agent        ok
tsvc_2_s152                      c            ok
tsvc_2_s152                      cpp          ok
tsvc_2_s152                      fortran      ok
tsvc_2_s152                      numba        ok
tsvc_2_s152                      c_reference  ok
tsvc_2_s152                      agent        ok
tsvc_2_s2233                     c            ok
tsvc_2_s2233                     cpp          ok
tsvc_2_s2233                     fortran      ok
tsvc_2_s2233                     numba        ok
tsvc_2_s2233                     c_reference  ok
tsvc_2_s2275                     c            ok
tsvc_2_s2275                     cpp          ok
tsvc_2_s2275                     fortran      ok
tsvc_2_s2275                     numba        ok
tsvc_2_s2275                     c_reference  ok
tsvc_2_s2275                     agent        ok
tsvc_2_s231                      c            ok
tsvc_2_s231                      cpp          ok
tsvc_2_s231                      fortran      ok
tsvc_2_s231                      numba        ok
tsvc_2_s231                      c_reference  ok
tsvc_2_s231                      agent        ok
tsvc_2_s233                      c            ok
tsvc_2_s233                      cpp          ok
tsvc_2_s233                      fortran      ok
tsvc_2_s233                      numba        ok
tsvc_2_s233                      c_reference  ok
tsvc_2_s233                      agent        ok
tsvc_2_s235                      c            ok
tsvc_2_s235                      cpp          ok
tsvc_2_s235                      fortran      ok
tsvc_2_s235                      numba        ok
tsvc_2_s235                      c_reference  ok
tsvc_2_s235                      agent        ok
tsvc_2_s252                      c            ok
tsvc_2_s252                      cpp          ok
tsvc_2_s252                      fortran      ok
tsvc_2_s252                      numba        ok
tsvc_2_s252                      c_reference  ok
tsvc_2_s252                      agent        ok
tsvc_2_s255                      c            ok
tsvc_2_s255                      cpp          ok
tsvc_2_s255                      fortran      ok
tsvc_2_s255                      numba        ok
tsvc_2_s255                      c_reference  ok
tsvc_2_s255                      agent        ok
tsvc_2_s2710                     c            ok
tsvc_2_s2710                     cpp          ok
tsvc_2_s2710                     fortran      ok
tsvc_2_s2710                     numba        ok
tsvc_2_s2710                     c_reference  ok
tsvc_2_s2710                     agent        ok
tsvc_2_s275                      c            ok
tsvc_2_s275                      cpp          ok
tsvc_2_s275                      fortran      ok
tsvc_2_s275                      numba        ok
tsvc_2_s275                      c_reference  ok
tsvc_2_s275                      agent        ok
tsvc_2_s311                      c            ok
tsvc_2_s311                      cpp          ok
tsvc_2_s311                      fortran      ok
tsvc_2_s311                      numba        ok
tsvc_2_s311                      c_reference  ok
tsvc_2_s311                      agent        ok
tsvc_2_s3110                     c            ok
tsvc_2_s3110                     cpp          ok
tsvc_2_s3110                     fortran      ok
tsvc_2_s3110                     numba        ok
tsvc_2_s3110                     c_reference  ok
tsvc_2_s3110                     agent        ok
tsvc_2_s3111                     c            ok
tsvc_2_s3111                     cpp          ok
tsvc_2_s3111                     fortran      ok
tsvc_2_s3111                     numba        ok
tsvc_2_s3111                     c_reference  ok
tsvc_2_s3111                     agent        ok
tsvc_2_s3112                     c            ok
tsvc_2_s3112                     cpp          ok
tsvc_2_s3112                     fortran      ok
tsvc_2_s3112                     numba        ok
tsvc_2_s3112                     c_reference  ok
tsvc_2_s3112                     agent        ok
tsvc_2_s316                      c            ok
tsvc_2_s316                      cpp          ok
tsvc_2_s316                      fortran      ok
tsvc_2_s316                      numba        ok
tsvc_2_s316                      c_reference  ok
tsvc_2_s316                      agent        ok
tsvc_2_s318                      c            ok
tsvc_2_s318                      cpp          ok
tsvc_2_s318                      fortran      ok
tsvc_2_s318                      numba        ok
tsvc_2_s318                      c_reference  ok
tsvc_2_s318                      agent        ok
tsvc_2_s319                      c            ok
tsvc_2_s319                      cpp          ok
tsvc_2_s319                      fortran      ok
tsvc_2_s319                      numba        ok
tsvc_2_s319                      c_reference  ok
tsvc_2_s319                      agent        ok
tsvc_2_s323                      c            ok
tsvc_2_s323                      cpp          ok
tsvc_2_s323                      fortran      ok
tsvc_2_s323                      numba        ok
tsvc_2_s323                      c_reference  ok
tsvc_2_s323                      agent        ok
tsvc_2_s4112                     c            ok
tsvc_2_s4112                     cpp          ok
tsvc_2_s4112                     fortran      ok
tsvc_2_s4112                     numba        ok
tsvc_2_s4112                     c_reference  ok
tsvc_2_s4112                     agent        ok
tsvc_2_vag                       c            ok
tsvc_2_vag                       cpp          ok
tsvc_2_vag                       fortran      ok
tsvc_2_vag                       numba        ok
tsvc_2_vag                       c_reference  ok
tsvc_2_vag                       agent        ok
tsvc_2_vpvts                     c            ok
tsvc_2_vpvts                     cpp          ok
tsvc_2_vpvts                     fortran      ok
tsvc_2_vpvts                     numba        ok
tsvc_2_vpvts                     c_reference  ok
tsvc_2_vpvts                     agent        ok
tsvc_2_vtvtv                     c            ok
tsvc_2_vtvtv                     cpp          ok
tsvc_2_vtvtv                     fortran      ok
tsvc_2_vtvtv                     numba        ok
tsvc_2_vtvtv                     c_reference  ok
tsvc_2_vtvtv                     agent        ok
versioned_distance_update        c            ok
versioned_distance_update        cpp          ok
versioned_distance_update        fortran      ok
versioned_distance_update        numba        ok
versioned_distance_update        agent        ok
wf_diff_skew                     c            ok
wf_diff_skew                     cpp          ok
wf_diff_skew                     fortran      ok
wf_diff_skew                     numba        ok
wf_diff_skew                     c_reference  ok
wf_diff_skew                     agent        ok
wf_triangular                    c            ok
wf_triangular                    cpp          ok
wf_triangular                    fortran      ok
wf_triangular                    numba        ok
wf_triangular                    c_reference  ok
wf_triangular                    agent        ok
tsvc_2_s115                      c            ok
tsvc_2_s115                      cpp          ok
tsvc_2_s115                      fortran      ok
tsvc_2_s115                      c_reference  ok
wrote 244 rows -> opt_reports_index.csv
