SRUN: srun --nodes=1 --ntasks=1 --exclusive --cpu-bind=cores --hint=nomultithread env LLR40_BENCH=/capstor/scratch/cscs/lhulsbergen/HPCAgent-Bench-v2-aux numactl --cpunodebind=0 --membind=0 /capstor/scratch/cscs/lhulsbergen/venv_llr40v2/bin/python opt_reports.py --only numba
argmax_with_index                numba        ok
compact_threshold_pack           numba        ok
ext_break_capture                numba        ok
ext_war_unit                     numba        ok
fuse_diamond                     numba        ok
fuse_move_ifs                    numba        ok
fuse_stencil_through_transient   numba        ok
quasi_affine_reduce_odd          numba        ok
scan_affine_decay                numba        ok
scatter_accum_dup                numba        ok
segment_reduce_ragged            numba        ok
tsvc_2_s115                      numba        ok
tsvc_2_s119                      numba        ok
tsvc_2_s1232                     numba        ok
tsvc_2_s1244                     numba        ok
tsvc_2_s152                      numba        ok
tsvc_2_s2233                     numba        ok
tsvc_2_s2275                     numba        ok
tsvc_2_s231                      numba        ok
tsvc_2_s233                      numba        ok
tsvc_2_s235                      numba        ok
tsvc_2_s252                      numba        ok
tsvc_2_s255                      numba        ok
tsvc_2_s2710                     numba        ok
tsvc_2_s275                      numba        ok
tsvc_2_s311                      numba        ok
tsvc_2_s3110                     numba        ok
tsvc_2_s3111                     numba        ok
tsvc_2_s3112                     numba        ok
tsvc_2_s316                      numba        ok
tsvc_2_s318                      numba        ok
tsvc_2_s319                      numba        ok
tsvc_2_s323                      numba        ok
tsvc_2_s4112                     numba        ok
tsvc_2_vag                       numba        ok
tsvc_2_vpvts                     numba        ok
tsvc_2_vtvtv                     numba        ok
versioned_distance_update        numba        ok
wf_diff_skew                     numba        ok
wf_triangular                    numba        ok
wrote 240 rows -> opt_reports_index.csv
