WARNING: Device-side CUDA Event completion trace is currently enabled.
         This may increase runtime overhead and the likelihood of false
         dependencies across CUDA Streams. If you wish to avoid this, please
         disable the feature with --cuda-event-trace=false.
Matrix file: /capstor/scratch/cscs/lhulsbergen/spbench/data/amazon-2008/amazon-2008.mtx
Shape: 735323x735323
Total Nnz: 5158388
Total Nnz/Row: 7.01513
Max Nnz/Row: 10
Matrix file: /capstor/scratch/cscs/lhulsbergen/spbench/data/web-Google/web-Google.mtx
Shape: 916428x916428
Total Nnz: 5105039
Total Nnz/Row: 5.57058
Max Nnz/Row: 456
Matrix file: /capstor/scratch/cscs/lhulsbergen/spbench/data/roadNet-TX/roadNet-TX.mtx
Shape: 1393383x1393383
Total Nnz: 3843320
Total Nnz/Row: 2.75827
Max Nnz/Row: 12
Matrix file: /capstor/scratch/cscs/lhulsbergen/spbench/data/belgium_osm/belgium_osm.mtx
Shape: 1441295x1441295
Total Nnz: 3099940
Total Nnz/Row: 2.1508
Max Nnz/Row: 10
Matrix file: /capstor/scratch/cscs/lhulsbergen/spbench/data/roadNet-CA/roadNet-CA.mtx
Shape: 1971281x1971281
Total Nnz: 5533214
Total Nnz/Row: 2.80691
Max Nnz/Row: 12
Collecting data...
Generating '/tmp/nsys-report-b8c1.qdstrm'
[1/1] [0%                          ] nsys_cubool_mult5.nsys-rep[1/1] [0%                          ] nsys_cubool_mult5.nsys-rep[1/1] [5%                          ] nsys_cubool_mult5.nsys-rep[1/1] [10%                         ] nsys_cubool_mult5.nsys-rep[1/1] [14%                         ] nsys_cubool_mult5.nsys-rep[1/1] [=15%                        ] nsys_cubool_mult5.nsys-rep[1/1] [==18%                       ] nsys_cubool_mult5.nsys-rep[1/1] [===24%                      ] nsys_cubool_mult5.nsys-rep[1/1] [=====29%                    ] nsys_cubool_mult5.nsys-rep[1/1] [=====30%                    ] nsys_cubool_mult5.nsys-rep[1/1] [=========43%                ] nsys_cubool_mult5.nsys-rep[1/1] [============57%             ] nsys_cubool_mult5.nsys-rep[1/1] [================70%         ] nsys_cubool_mult5.nsys-rep[1/1] [================71%         ] nsys_cubool_mult5.nsys-rep[1/1] [========================100%] nsys_cubool_mult5.nsys-rep[1/1] [========================100%] nsys_cubool_mult5.nsys-rep
Generated:
	/capstor/scratch/cscs/lhulsbergen/perf_runs/spgemm/nsys_cubool_mult5.nsys-rep
