$ numactl --cpunodebind=0 --membind=0 /capstor/scratch/cscs/lhulsbergen/venv_llr40v2/bin/python -m hpcagent_bench.cli run --benchmark comet_int4_gemm --framework cpp --precision fp64 --preset M --mode single_core --repeat 30 --validate --output /capstor/scratch/cscs/lhulsbergen/bachelorThesisArtifacts-extracted/extractedMatrix/scratch/comet_int4_gemm/comet_int4_gemm.cpp.95791.jsonl
[exit 0]
--- stdout
numpyto_c: emitted comet_int4_gemm_fp64.{c,cpp} + comet_int4_gemm_fp64_pluto_input.c + comet_int4_gemm_fp64_binding.json
numpyto_c: emitted comet_int4_gemm_fp32.{c,cpp} + comet_int4_gemm_fp32_pluto_input.c + comet_int4_gemm_fp32_binding.json
***** Testing C++ (g++) with comet_int4_gemm on the M dataset, datatype float64 *****
Failed to execute the C++ (g++) - default implementation.
agentbench: wrote 1 rows to /capstor/scratch/cscs/lhulsbergen/bachelorThesisArtifacts-extracted/extractedMatrix/scratch/comet_int4_gemm/comet_int4_gemm.cpp.95791.jsonl

--- stderr
njit reference for comet_int4_gemm failed to compile on call (Failed in nopython mode pipeline (step: nopython frontend)); using the interpreter
/capstor/scratch/cscs/lhulsbergen/HPCAgent-Bench-ext/hpcagent_bench/benchmarks/scientific_computing/dense_linear_algebra/comet_int4_gemm/cpp_backend/comet_int4_gemm_fp64.cpp:166:10: fatal error: cblas.h: No such file or directory
  166 | #include <cblas.h>
      |          ^~~~~~~~~
compilation terminated.
Traceback (most recent call last):
  File "/capstor/scratch/cscs/lhulsbergen/HPCAgent-Bench-ext/hpcagent_bench/frameworks/test.py", line 364, in _execute
    plan.run()
  File "/capstor/scratch/cscs/lhulsbergen/HPCAgent-Bench-ext/hpcagent_bench/frameworks/framework.py", line 270, in run
    self.result = self.f.post_call(self.impl(*args, **kwargs))
                                   ^^^^^^^^^^^^^^^^^^^^^^^^^^
  File "/capstor/scratch/cscs/lhulsbergen/HPCAgent-Bench-ext/hpcagent_bench/benchmarks/cpp_runtime.py", line 382, in call
    _ensure_loaded()
  File "/capstor/scratch/cscs/lhulsbergen/HPCAgent-Bench-ext/hpcagent_bench/benchmarks/cpp_runtime.py", line 371, in _ensure_loaded
    so = load_backend_so(wrapper_file, short, framework)
         ^^^^^^^^^^^^^^^^^^^^^^^^^^^^^^^^^^^^^^^^^^^^^^^
  File "/capstor/scratch/cscs/lhulsbergen/HPCAgent-Bench-ext/hpcagent_bench/benchmarks/cpp_runtime.py", line 253, in load_backend_so
    so = _ensure_built(cpp_backend, short, framework)
         ^^^^^^^^^^^^^^^^^^^^^^^^^^^^^^^^^^^^^^^^^^^^
  File "/capstor/scratch/cscs/lhulsbergen/HPCAgent-Bench-ext/hpcagent_bench/benchmarks/cpp_runtime.py", line 175, in _ensure_built
    subprocess.check_call(cmd)
  File "/capstor/scratch/cscs/lhulsbergen/uvpython/cpython-3.12.13-linux-aarch64-gnu/lib/python3.12/subprocess.py", line 413, in check_call
    raise CalledProcessError(retcode, cmd)
subprocess.CalledProcessError: Command '['/users/lhulsbergen/bin/g++', '-O3', '-march=native', '-fopenmp', '-fno-math-errno', '-fno-trapping-math', '-fno-signed-zeros', '-ffp-contract=fast', '-fstrict-aliasing', '-fPIC', '-include', '/capstor/scratch/cscs/lhulsbergen/HPCAgent-Bench-ext/hpcagent_bench/envs/vecmath.h', '-Wall', '-Wextra', '-std=c++20', '-D_POSIX_C_SOURCE=199309L', '-fPIC', '-c', '/capstor/scratch/cscs/lhulsbergen/HPCAgent-Bench-ext/hpcagent_bench/benchmarks/scientific_computing/dense_linear_algebra/comet_int4_gemm/cpp_backend/comet_int4_gemm_fp64.cpp', '-o', '/capstor/scratch/cscs/lhulsbergen/HPCAgent-Bench-ext/hpcagent_bench/benchmarks/scientific_computing/dense_linear_algebra/comet_int4_gemm/cpp_backend/build/comet_int4_gemm_fp64.cpp.o']' returned non-zero exit status 1.
